"id","reference_set_id","owner_id","owned_id","field_name","field_type_name","deobfuscated_field_name"
0,0,0,1,"FactoryProducerDelegateImplActor.foo","[NULL]","[NULL]"
1,0,0,"[NULL]","FactoryProducerDelegateImplActor.setToNULL","[NULL]","[NULL]"
2,0,0,1,"a.b","[NULL]","Other.deobfuscatedA"
3,3,3,0,"a.a","int","DeobfuscatedA.deobfuscatedA"
