"id","upid","graph_sample_ts","self_size","reference_set_id","reachable","heap_type","type_name","deobfuscated_type_name","root_type"
0,2,10,64,0,1,"[NULL]","FactoryProducerDelegateImplActor","[NULL]","ROOT_JAVA_FRAME"
1,2,10,32,"[NULL]",1,"[NULL]","Foo","[NULL]","[NULL]"
2,2,10,128,"[NULL]",0,"[NULL]","Foo","[NULL]","[NULL]"
3,2,10,1024,3,0,"[NULL]","a","DeobfuscatedA","[NULL]"
4,2,10,256,"[NULL]",1,"[NULL]","a[]","DeobfuscatedA[]","ROOT_JAVA_FRAME"
5,2,10,256,"[NULL]",0,"[NULL]","java.lang.Class<a[]>","java.lang.Class<DeobfuscatedA[]>","[NULL]"
