{
  "trace_metadata": {
    "trace_duration_ns": 9519159074,
    "trace_uuid": "00000000-0000-0000-e77f-20a2204c2a49",
    "trace_size_bytes": 6365447,
    "trace_config_pbtxt": "buffers {\n  size_kb: 32768\n  fill_policy: UNSPECIFIED\n}\ndata_sources {\n  config {\n    name: \"linux.ftrace\"\n    target_buffer: 0\n    trace_duration_ms: 0\n    tracing_session_id: 0\n    ftrace_config {\n      ftrace_events: \"print\"\n      ftrace_events: \"sched_switch\"\n      ftrace_events: \"rss_stat\"\n      ftrace_events: \"ion_heap_shrink\"\n      ftrace_events: \"ion_heap_grow\"\n      atrace_categories: \"am\"\n      atrace_categories: \"dalvik\"\n      buffer_size_kb: 0\n      drain_period_ms: 0\n    }\n    chrome_config {\n      trace_config: \"\"\n    }\n    inode_file_config {\n      scan_interval_ms: 0\n      scan_delay_ms: 0\n      scan_batch_size: 0\n      do_not_scan: false\n    }\n    process_stats_config {\n      scan_all_processes_on_start: false\n      record_thread_names: false\n      proc_stats_poll_ms: 0\n    }\n    sys_stats_config {\n      meminfo_period_ms: 0\n      vmstat_period_ms: 0\n      stat_period_ms: 0\n    }\n    heapprofd_config {\n      sampling_interval_bytes: 0\n      all: false\n      continuous_dump_config {\n        dump_phase_ms: 0\n        dump_interval_ms: 0\n      }\n    }\n    legacy_config: \"\"\n  }\n}\ndata_sources {\n  config {\n    name: \"linux.process_stats\"\n    target_buffer: 0\n    trace_duration_ms: 0\n    tracing_session_id: 0\n    ftrace_config {\n      buffer_size_kb: 0\n      drain_period_ms: 0\n    }\n    chrome_config {\n      trace_config: \"\"\n    }\n    inode_file_config {\n      scan_interval_ms: 0\n      scan_delay_ms: 0\n      scan_batch_size: 0\n      do_not_scan: false\n    }\n    process_stats_config {\n      scan_all_processes_on_start: false\n      record_thread_names: false\n      proc_stats_poll_ms: 100\n    }\n    sys_stats_config {\n      meminfo_period_ms: 0\n      vmstat_period_ms: 0\n      stat_period_ms: 0\n    }\n    heapprofd_config {\n      sampling_interval_bytes: 0\n      all: false\n      continuous_dump_config {\n        dump_phase_ms: 0\n        dump_interval_ms: 0\n      }\n    }\n    legacy_config: \"\"\n  }\n}\ndata_sources {\n  config {\n    name: \"linux.sys_stats\"\n    target_buffer: 0\n    trace_duration_ms: 0\n    tracing_session_id: 0\n    ftrace_config {\n      buffer_size_kb: 0\n      drain_period_ms: 0\n    }\n    chrome_config {\n      trace_config: \"\"\n    }\n    inode_file_config {\n      scan_interval_ms: 0\n      scan_delay_ms: 0\n      scan_batch_size: 0\n      do_not_scan: false\n    }\n    process_stats_config {\n      scan_all_processes_on_start: false\n      record_thread_names: false\n      proc_stats_poll_ms: 0\n    }\n    sys_stats_config {\n      meminfo_period_ms: 50\n      meminfo_counters: MEMINFO_MEM_AVAILABLE\n      meminfo_counters: MEMINFO_SWAP_CACHED\n      meminfo_counters: MEMINFO_ACTIVE\n      meminfo_counters: MEMINFO_INACTIVE\n      vmstat_period_ms: 0\n      stat_period_ms: 0\n    }\n    heapprofd_config {\n      sampling_interval_bytes: 0\n      all: false\n      continuous_dump_config {\n        dump_phase_ms: 0\n        dump_interval_ms: 0\n      }\n    }\n    legacy_config: \"\"\n  }\n}\nduration_ms: 10000\nenable_extra_guardrails: false\nlockdown_mode: LOCKDOWN_UNCHANGED\nstatsd_metadata {\n  triggering_alert_id: 0\n  triggering_config_uid: 0\n  triggering_config_id: 0\n}\nwrite_into_file: false\nfile_write_period_ms: 0\nmax_file_size_bytes: 0\nguardrail_overrides {\n  max_upload_per_day_bytes: 0\n}\ndeferred_start: false",
    "sched_duration_ns": 0,
    "suspend_count": 0,
    "data_loss_count": 0,
    "error_count": 1
  }
}
