"trace_index","element_index","element_type","timestamp","cycle_count","exception_level","context_id","isa","start_address","end_address","mapping_id"
12,0,"NO_SYNC","[NULL]","[NULL]","[NULL]","[NULL]","UNKNOWN",-1,-1,"[NULL]"
40,1,"TRACE_ON","[NULL]","[NULL]","[NULL]","[NULL]","UNKNOWN",-1,-1,"[NULL]"
40,2,"PE_CONTEXT","[NULL]","[NULL]",0,315,"AARCH64",-1,-1,"[NULL]"
40,3,"INSTR_RANGE","[NULL]","[NULL]",0,315,"AARCH64",523487860616,523487860628,13
40,4,"INSTR_RANGE","[NULL]","[NULL]",0,315,"AARCH64",523487860628,523487860632,13
50,5,"INSTR_RANGE","[NULL]","[NULL]",0,315,"AARCH64",523487537936,523487537952,13
50,6,"INSTR_RANGE","[NULL]","[NULL]",0,315,"AARCH64",523487537952,523487537968,13
60,7,"INSTR_RANGE","[NULL]","[NULL]",0,315,"AARCH64",434500225096,434500225100,1
60,8,"INSTR_RANGE","[NULL]","[NULL]",0,315,"AARCH64",434500225100,434500225108,1
60,9,"INSTR_RANGE","[NULL]","[NULL]",0,315,"AARCH64",434500225084,434500225088,1
60,10,"INSTR_RANGE","[NULL]","[NULL]",0,315,"AARCH64",434500225128,434500225164,1
60,11,"INSTR_RANGE","[NULL]","[NULL]",0,315,"AARCH64",434500225568,434500225584,1
70,12,"INSTR_RANGE","[NULL]","[NULL]",0,315,"AARCH64",523487560912,523487561056,13
70,13,"INSTR_RANGE","[NULL]","[NULL]",0,315,"AARCH64",523487561056,523487561064,13
70,14,"INSTR_RANGE","[NULL]","[NULL]",0,315,"AARCH64",523487920112,523487920128,13
76,15,"INSTR_RANGE","[NULL]","[NULL]",0,315,"AARCH64",523487493696,523487493708,13
76,16,"INSTR_RANGE","[NULL]","[NULL]",0,315,"AARCH64",523487493740,523487493748,13
77,17,"INSTR_RANGE","[NULL]","[NULL]",0,315,"AARCH64",523487493792,523487493804,13
77,18,"INSTR_RANGE","[NULL]","[NULL]",0,315,"AARCH64",523487493804,523487493816,13
77,19,"INSTR_RANGE","[NULL]","[NULL]",0,315,"AARCH64",523487494288,523487494344,13
78,20,"INSTR_RANGE","[NULL]","[NULL]",0,315,"AARCH64",523487494412,523487494436,13
78,21,"INSTR_RANGE","[NULL]","[NULL]",0,315,"AARCH64",523487494484,523487494492,13
79,22,"INSTR_RANGE","[NULL]","[NULL]",0,315,"AARCH64",523487494492,523487494512,13
79,23,"INSTR_RANGE","[NULL]","[NULL]",0,315,"AARCH64",523487494512,523487494524,13
79,24,"INSTR_RANGE","[NULL]","[NULL]",0,315,"AARCH64",523487494364,523487494384,13
79,25,"INSTR_RANGE","[NULL]","[NULL]",0,315,"AARCH64",523487494384,523487494412,13
85,26,"INSTR_RANGE","[NULL]","[NULL]",0,315,"AARCH64",523487561064,523487561088,13
85,27,"INSTR_RANGE","[NULL]","[NULL]",0,315,"AARCH64",523487818528,523487818588,13
85,28,"INSTR_RANGE","[NULL]","[NULL]",0,315,"AARCH64",523487919808,523487919824,13
91,29,"INSTR_RANGE","[NULL]","[NULL]",0,315,"AARCH64",523487412480,523487412496,13
97,30,"INSTR_RANGE","[NULL]","[NULL]",0,315,"AARCH64",523487818588,523487818660,13
97,31,"INSTR_RANGE","[NULL]","[NULL]",0,315,"AARCH64",523487818660,523487818668,13
97,32,"INSTR_RANGE","[NULL]","[NULL]",0,315,"AARCH64",523487818676,523487818712,13
97,33,"INSTR_RANGE","[NULL]","[NULL]",0,315,"AARCH64",523487818712,523487818720,13
98,34,"INSTR_RANGE","[NULL]","[NULL]",0,315,"AARCH64",523487818752,523487818776,13
98,35,"INSTR_RANGE","[NULL]","[NULL]",0,315,"AARCH64",523487818812,523487818924,13
99,36,"INSTR_RANGE","[NULL]","[NULL]",0,315,"AARCH64",523487818924,523487818936,13
99,37,"INSTR_RANGE","[NULL]","[NULL]",0,315,"AARCH64",523487818936,523487818948,13
99,38,"INSTR_RANGE","[NULL]","[NULL]",0,315,"AARCH64",523487818928,523487818936,13
99,39,"INSTR_RANGE","[NULL]","[NULL]",0,315,"AARCH64",523487818936,523487818948,13
99,40,"INSTR_RANGE","[NULL]","[NULL]",0,315,"AARCH64",523487818928,523487818936,13
100,41,"INSTR_RANGE","[NULL]","[NULL]",0,315,"AARCH64",523487818936,523487818948,13
100,42,"INSTR_RANGE","[NULL]","[NULL]",0,315,"AARCH64",523487818928,523487818936,13
101,43,"INSTR_RANGE","[NULL]","[NULL]",0,315,"AARCH64",523487818948,523487818952,13
101,44,"INSTR_RANGE","[NULL]","[NULL]",0,315,"AARCH64",523487818952,523487818956,13
101,45,"INSTR_RANGE","[NULL]","[NULL]",0,315,"AARCH64",523487818956,523487818968,13
102,46,"INSTR_RANGE","[NULL]","[NULL]",0,315,"AARCH64",523487818968,523487819008,13
102,47,"INSTR_RANGE","[NULL]","[NULL]",0,315,"AARCH64",523487819060,523487819068,13
102,48,"INSTR_RANGE","[NULL]","[NULL]",0,315,"AARCH64",523487819068,523487819132,13
103,49,"INSTR_RANGE","[NULL]","[NULL]",0,315,"AARCH64",523487819132,523487819156,13
107,50,"INSTR_RANGE","[NULL]","[NULL]",0,315,"AARCH64",523487819616,523487819640,13
107,51,"INSTR_RANGE","[NULL]","[NULL]",0,315,"AARCH64",523487819660,523487819676,13
107,52,"INSTR_RANGE","[NULL]","[NULL]",0,315,"AARCH64",523487819096,523487819132,13
108,53,"INSTR_RANGE","[NULL]","[NULL]",0,315,"AARCH64",523487819132,523487819156,13
112,54,"INSTR_RANGE","[NULL]","[NULL]",0,315,"AARCH64",523487821296,523487821308,13
112,55,"INSTR_RANGE","[NULL]","[NULL]",0,315,"AARCH64",523487821308,523487821312,13
112,56,"INSTR_RANGE","[NULL]","[NULL]",0,315,"AARCH64",523487821312,523487821316,13
113,57,"INSTR_RANGE","[NULL]","[NULL]",0,315,"AARCH64",523487821360,523487821368,13
113,58,"INSTR_RANGE","[NULL]","[NULL]",0,315,"AARCH64",523487821916,523487821924,13
114,59,"INSTR_RANGE","[NULL]","[NULL]",0,315,"AARCH64",523487821924,523487821940,13
114,60,"INSTR_RANGE","[NULL]","[NULL]",0,315,"AARCH64",523487821940,523487821952,13
114,61,"INSTR_RANGE","[NULL]","[NULL]",0,315,"AARCH64",523487822068,523487822080,13
114,62,"INSTR_RANGE","[NULL]","[NULL]",0,315,"AARCH64",523487822152,523487822180,13
114,63,"INSTR_RANGE","[NULL]","[NULL]",0,315,"AARCH64",523487822204,523487822216,13
115,64,"INSTR_RANGE","[NULL]","[NULL]",0,315,"AARCH64",523487822336,523487822344,13
115,65,"INSTR_RANGE","[NULL]","[NULL]",0,315,"AARCH64",523487822344,523487822364,13
115,66,"INSTR_RANGE","[NULL]","[NULL]",0,315,"AARCH64",523487822364,523487822412,13
116,67,"INSTR_RANGE","[NULL]","[NULL]",0,315,"AARCH64",523487822368,523487822412,13
116,68,"INSTR_RANGE","[NULL]","[NULL]",0,315,"AARCH64",523487822368,523487822412,13
116,69,"INSTR_RANGE","[NULL]","[NULL]",0,315,"AARCH64",523487822368,523487822412,13
116,70,"INSTR_RANGE","[NULL]","[NULL]",0,315,"AARCH64",523487822368,523487822412,13
116,71,"INSTR_RANGE","[NULL]","[NULL]",0,315,"AARCH64",523487822368,523487822412,13
116,72,"INSTR_RANGE","[NULL]","[NULL]",0,315,"AARCH64",523487822368,523487822412,13
116,73,"INSTR_RANGE","[NULL]","[NULL]",0,315,"AARCH64",523487822368,523487822412,13
116,74,"INSTR_RANGE","[NULL]","[NULL]",0,315,"AARCH64",523487822368,523487822412,13
116,75,"INSTR_RANGE","[NULL]","[NULL]",0,315,"AARCH64",523487822368,523487822412,13
116,76,"INSTR_RANGE","[NULL]","[NULL]",0,315,"AARCH64",523487822368,523487822412,13
116,77,"INSTR_RANGE","[NULL]","[NULL]",0,315,"AARCH64",523487822368,523487822412,13
117,78,"INSTR_RANGE","[NULL]","[NULL]",0,315,"AARCH64",523487822412,523487822424,13
117,79,"INSTR_RANGE","[NULL]","[NULL]",0,315,"AARCH64",523487822484,523487822508,13
118,80,"INSTR_RANGE","[NULL]","[NULL]",0,315,"AARCH64",523487823632,523487823692,13
118,81,"INSTR_RANGE","[NULL]","[NULL]",0,315,"AARCH64",523487823692,523487823700,13
118,82,"INSTR_RANGE","[NULL]","[NULL]",0,315,"AARCH64",523487823952,523487823960,13
118,83,"INSTR_RANGE","[NULL]","[NULL]",0,315,"AARCH64",523487824084,523487824092,13
118,84,"INSTR_RANGE","[NULL]","[NULL]",0,315,"AARCH64",523487824204,523487824212,13
119,85,"INSTR_RANGE","[NULL]","[NULL]",0,315,"AARCH64",523487824188,523487824200,13
119,86,"INSTR_RANGE","[NULL]","[NULL]",0,315,"AARCH64",523487824356,523487824364,13
119,87,"INSTR_RANGE","[NULL]","[NULL]",0,315,"AARCH64",523487824812,523487824820,13
120,88,"INSTR_RANGE","[NULL]","[NULL]",0,315,"AARCH64",523487824820,523487824860,13
120,89,"INSTR_RANGE","[NULL]","[NULL]",0,315,"AARCH64",523487824884,523487824896,13
120,90,"INSTR_RANGE","[NULL]","[NULL]",0,315,"AARCH64",523487824896,523487824900,13
120,91,"INSTR_RANGE","[NULL]","[NULL]",0,315,"AARCH64",523487826992,523487827024,13
121,92,"INSTR_RANGE","[NULL]","[NULL]",0,315,"AARCH64",523487827024,523487827036,13
121,93,"INSTR_RANGE","[NULL]","[NULL]",0,315,"AARCH64",523487827036,523487827048,13
121,94,"INSTR_RANGE","[NULL]","[NULL]",0,315,"AARCH64",523487798704,523487798712,13
122,95,"INSTR_RANGE","[NULL]","[NULL]",0,315,"AARCH64",523487798712,523487798756,13
122,96,"INSTR_RANGE","[NULL]","[NULL]",0,315,"AARCH64",523487798756,523487798764,13
122,97,"INSTR_RANGE","[NULL]","[NULL]",0,315,"AARCH64",523487798796,523487798812,13
122,98,"INSTR_RANGE","[NULL]","[NULL]",0,315,"AARCH64",523487798812,523487798816,13
123,99,"INSTR_RANGE","[NULL]","[NULL]",0,315,"AARCH64",523487799352,523487799364,13
123,100,"INSTR_RANGE","[NULL]","[NULL]",0,315,"AARCH64",523487799396,523487799400,13
123,101,"INSTR_RANGE","[NULL]","[NULL]",0,315,"AARCH64",523487799400,523487799404,13
124,102,"INSTR_RANGE","[NULL]","[NULL]",0,315,"AARCH64",523487799404,523487799408,13
124,103,"INSTR_RANGE","[NULL]","[NULL]",0,315,"AARCH64",523487799424,523487799440,13
124,104,"INSTR_RANGE","[NULL]","[NULL]",0,315,"AARCH64",523487925632,523487925648,13
130,105,"INSTR_RANGE","[NULL]","[NULL]",0,315,"AARCH64",523487386304,523487386312,13
130,106,"INSTR_RANGE","[NULL]","[NULL]",0,315,"AARCH64",523487386312,523487386344,13
130,107,"INSTR_RANGE","[NULL]","[NULL]",0,315,"AARCH64",523487386344,523487386400,13
131,108,"INSTR_RANGE","[NULL]","[NULL]",0,315,"AARCH64",523487386464,523487386516,13
137,109,"INSTR_RANGE","[NULL]","[NULL]",0,315,"AARCH64",523487799440,523487799488,13
137,110,"INSTR_RANGE","[NULL]","[NULL]",0,315,"AARCH64",523487799568,523487799576,13
137,111,"INSTR_RANGE","[NULL]","[NULL]",0,315,"AARCH64",523487799576,523487799592,13
138,112,"INSTR_RANGE","[NULL]","[NULL]",0,315,"AARCH64",523487919984,523487920000,13
144,113,"INSTR_RANGE","[NULL]","[NULL]",0,315,"AARCH64",523487387072,523487387088,13
144,114,"INSTR_RANGE","[NULL]","[NULL]",0,315,"AARCH64",523487387088,523487387100,13
144,115,"INSTR_RANGE","[NULL]","[NULL]",0,315,"AARCH64",523487387100,523487387112,13
145,116,"INSTR_RANGE","[NULL]","[NULL]",0,315,"AARCH64",523487387168,523487387172,13
145,117,"INSTR_RANGE","[NULL]","[NULL]",0,315,"AARCH64",523487387192,523487387196,13
145,118,"INSTR_RANGE","[NULL]","[NULL]",0,315,"AARCH64",523487387252,523487387256,13
146,119,"INSTR_RANGE","[NULL]","[NULL]",0,315,"AARCH64",523487387256,523487387288,13
152,120,"INSTR_RANGE","[NULL]","[NULL]",0,315,"AARCH64",523487799592,523487799624,13
152,121,"INSTR_RANGE","[NULL]","[NULL]",0,315,"AARCH64",523487799364,523487799396,13
152,122,"INSTR_RANGE","[NULL]","[NULL]",0,315,"AARCH64",523487799396,523487799400,13
152,123,"INSTR_RANGE","[NULL]","[NULL]",0,315,"AARCH64",523487799408,523487799420,13
152,124,"INSTR_RANGE","[NULL]","[NULL]",0,315,"AARCH64",523487799420,523487799440,13
153,125,"INSTR_RANGE","[NULL]","[NULL]",0,315,"AARCH64",523487925632,523487925648,13
159,126,"INSTR_RANGE","[NULL]","[NULL]",0,315,"AARCH64",523487386304,523487386312,13
159,127,"INSTR_RANGE","[NULL]","[NULL]",0,315,"AARCH64",523487386312,523487386344,13
159,128,"INSTR_RANGE","[NULL]","[NULL]",0,315,"AARCH64",523487386344,523487386400,13
160,129,"INSTR_RANGE","[NULL]","[NULL]",0,315,"AARCH64",523487386464,523487386516,13
166,130,"INSTR_RANGE","[NULL]","[NULL]",0,315,"AARCH64",523487799440,523487799488,13
166,131,"INSTR_RANGE","[NULL]","[NULL]",0,315,"AARCH64",523487799488,523487799504,13
166,132,"INSTR_RANGE","[NULL]","[NULL]",0,315,"AARCH64",523487799568,523487799576,13
166,133,"INSTR_RANGE","[NULL]","[NULL]",0,315,"AARCH64",523487799576,523487799592,13
167,134,"INSTR_RANGE","[NULL]","[NULL]",0,315,"AARCH64",523487919984,523487920000,13
173,135,"INSTR_RANGE","[NULL]","[NULL]",0,315,"AARCH64",523487387072,523487387088,13
173,136,"INSTR_RANGE","[NULL]","[NULL]",0,315,"AARCH64",523487387088,523487387100,13
173,137,"INSTR_RANGE","[NULL]","[NULL]",0,315,"AARCH64",523487387100,523487387112,13
174,138,"INSTR_RANGE","[NULL]","[NULL]",0,315,"AARCH64",523487387168,523487387172,13
174,139,"INSTR_RANGE","[NULL]","[NULL]",0,315,"AARCH64",523487387172,523487387192,13
180,140,"INSTR_RANGE","[NULL]","[NULL]",0,315,"AARCH64",523487799592,523487799624,13
180,141,"INSTR_RANGE","[NULL]","[NULL]",0,315,"AARCH64",523487799364,523487799396,13
180,142,"INSTR_RANGE","[NULL]","[NULL]",0,315,"AARCH64",523487799344,523487799352,13
181,143,"INSTR_RANGE","[NULL]","[NULL]",0,315,"AARCH64",523487799692,523487799720,13
187,144,"INSTR_RANGE","[NULL]","[NULL]",0,315,"AARCH64",523487827048,523487827060,13
187,145,"INSTR_RANGE","[NULL]","[NULL]",0,315,"AARCH64",523487827060,523487827068,13
187,146,"INSTR_RANGE","[NULL]","[NULL]",0,315,"AARCH64",523487818912,523487818924,13
188,147,"INSTR_RANGE","[NULL]","[NULL]",0,315,"AARCH64",523487818924,523487818936,13
188,148,"INSTR_RANGE","[NULL]","[NULL]",0,315,"AARCH64",523487818936,523487818948,13
188,149,"INSTR_RANGE","[NULL]","[NULL]",0,315,"AARCH64",523487818948,523487818952,13
188,150,"INSTR_RANGE","[NULL]","[NULL]",0,315,"AARCH64",523487818952,523487818956,13
188,151,"INSTR_RANGE","[NULL]","[NULL]",0,315,"AARCH64",523487818956,523487818968,13
189,152,"INSTR_RANGE","[NULL]","[NULL]",0,315,"AARCH64",523487818968,523487819008,13
189,153,"INSTR_RANGE","[NULL]","[NULL]",0,315,"AARCH64",523487819060,523487819068,13
190,154,"INSTR_RANGE","[NULL]","[NULL]",0,315,"AARCH64",523487828196,523487828204,13
190,155,"INSTR_RANGE","[NULL]","[NULL]",0,315,"AARCH64",523487828204,523487828216,13
190,156,"INSTR_RANGE","[NULL]","[NULL]",0,315,"AARCH64",523487798704,523487798712,13
191,157,"INSTR_RANGE","[NULL]","[NULL]",0,315,"AARCH64",523487798712,523487798756,13
191,158,"INSTR_RANGE","[NULL]","[NULL]",0,315,"AARCH64",523487798756,523487798764,13
191,159,"INSTR_RANGE","[NULL]","[NULL]",0,315,"AARCH64",523487798796,523487798812,13
191,160,"INSTR_RANGE","[NULL]","[NULL]",0,315,"AARCH64",523487798812,523487798816,13
192,161,"INSTR_RANGE","[NULL]","[NULL]",0,315,"AARCH64",523487799352,523487799364,13
192,162,"INSTR_RANGE","[NULL]","[NULL]",0,315,"AARCH64",523487799396,523487799400,13
193,163,"INSTR_RANGE","[NULL]","[NULL]",0,315,"AARCH64",523487799400,523487799404,13
193,164,"INSTR_RANGE","[NULL]","[NULL]",0,315,"AARCH64",523487799404,523487799408,13
193,165,"INSTR_RANGE","[NULL]","[NULL]",0,315,"AARCH64",523487799424,523487799440,13
193,166,"INSTR_RANGE","[NULL]","[NULL]",0,315,"AARCH64",523487925632,523487925648,13
199,167,"INSTR_RANGE","[NULL]","[NULL]",0,315,"AARCH64",523487386304,523487386312,13
199,168,"INSTR_RANGE","[NULL]","[NULL]",0,315,"AARCH64",523487386312,523487386344,13
199,169,"INSTR_RANGE","[NULL]","[NULL]",0,315,"AARCH64",523487386344,523487386400,13
200,170,"INSTR_RANGE","[NULL]","[NULL]",0,315,"AARCH64",523487386464,523487386516,13
206,171,"INSTR_RANGE","[NULL]","[NULL]",0,315,"AARCH64",523487799440,523487799488,13
206,172,"INSTR_RANGE","[NULL]","[NULL]",0,315,"AARCH64",523487799488,523487799504,13
206,173,"INSTR_RANGE","[NULL]","[NULL]",0,315,"AARCH64",523487799568,523487799576,13
207,174,"INSTR_RANGE","[NULL]","[NULL]",0,315,"AARCH64",523487799576,523487799592,13
207,175,"INSTR_RANGE","[NULL]","[NULL]",0,315,"AARCH64",523487919984,523487920000,13
213,176,"INSTR_RANGE","[NULL]","[NULL]",0,315,"AARCH64",523487387072,523487387088,13
213,177,"INSTR_RANGE","[NULL]","[NULL]",0,315,"AARCH64",523487387088,523487387100,13
214,178,"INSTR_RANGE","[NULL]","[NULL]",0,315,"AARCH64",523487387100,523487387112,13
214,179,"INSTR_RANGE","[NULL]","[NULL]",0,315,"AARCH64",523487387168,523487387172,13
214,180,"INSTR_RANGE","[NULL]","[NULL]",0,315,"AARCH64",523487387192,523487387196,13
214,181,"INSTR_RANGE","[NULL]","[NULL]",0,315,"AARCH64",523487387252,523487387256,13
215,182,"INSTR_RANGE","[NULL]","[NULL]",0,315,"AARCH64",523487387256,523487387288,13
221,183,"INSTR_RANGE","[NULL]","[NULL]",0,315,"AARCH64",523487799592,523487799624,13
221,184,"INSTR_RANGE","[NULL]","[NULL]",0,315,"AARCH64",523487799624,523487799632,13
221,185,"INSTR_RANGE","[NULL]","[NULL]",0,315,"AARCH64",523487550640,523487550648,13
222,186,"INSTR_RANGE","[NULL]","[NULL]",0,315,"AARCH64",523487550656,523487550684,13
222,187,"INSTR_RANGE","[NULL]","[NULL]",0,315,"AARCH64",523487550684,523487550704,13
222,188,"INSTR_RANGE","[NULL]","[NULL]",0,315,"AARCH64",523487550704,523487550712,13
223,189,"INSTR_RANGE","[NULL]","[NULL]",0,315,"AARCH64",523487550716,523487550728,13
223,190,"INSTR_RANGE","[NULL]","[NULL]",0,315,"AARCH64",523487550728,523487550756,13
229,191,"INSTR_RANGE","[NULL]","[NULL]",0,315,"AARCH64",523487548832,523487548884,13
229,192,"INSTR_RANGE","[NULL]","[NULL]",0,315,"AARCH64",523487920848,523487920864,13
235,193,"INSTR_RANGE","[NULL]","[NULL]",0,315,"AARCH64",523487677904,523487677916,13
235,194,"INSTR_RANGE","[NULL]","[NULL]",0,315,"AARCH64",523487677916,523487677928,13
235,195,"INSTR_RANGE","[NULL]","[NULL]",0,315,"AARCH64",523487677928,523487677936,13
236,196,"INSTR_RANGE","[NULL]","[NULL]",0,315,"AARCH64",523487921680,523487921696,13
