"element_index","instruction_index","address","opcode","type","branch_address","is_conditional","is_link","sub_type"
7,0,434500225096,335544321,"BR",434500225100,0,0,"NONE"
8,0,434500225100,1384120360,"OTHER","[NULL]",0,0,"NONE"
8,1,434500225104,923271016,"BR",434500225084,1,0,"NONE"
9,0,434500225084,2483027979,"BR",434500225128,0,1,"BR_LINK"
10,0,434500225128,3506471935,"OTHER","[NULL]",0,0,"NONE"
10,1,434500225132,2835446781,"OTHER","[NULL]",0,0,"NONE"
10,2,434500225136,2432713725,"OTHER","[NULL]",0,0,"NONE"
10,3,434500225140,3577471048,"OTHER","[NULL]",0,0,"NONE"
10,4,434500225144,4177528808,"OTHER","[NULL]",0,0,"NONE"
10,5,434500225148,4181723105,"OTHER","[NULL]",0,0,"NONE"
10,6,434500225152,3573751839,"OTHER","[NULL]",0,0,"NONE"
10,7,434500225156,285076384,"OTHER","[NULL]",0,0,"NONE"
10,8,434500225160,2483028070,"BR",434500225568,0,1,"BR_LINK"
11,0,434500225568,2415919152,"OTHER","[NULL]",0,0,"NONE"
11,1,434500225572,4182138385,"OTHER","[NULL]",0,0,"NONE"
11,2,434500225576,2436030992,"OTHER","[NULL]",0,0,"NONE"
11,3,434500225580,3592356384,"BR_INDIRECT",434500225568,0,0,"NONE"
