"line"
"          <idle>-0     (-----) [001] .... 0.000000: sched_switch: prev_comm=swapper/1 prev_pid=0 prev_prio=0 prev_state=D ==> next_comm=100 next_pid=100 next_prio=0"
"          <idle>-0     (-----) [002] .... 0.000000: sched_switch: prev_comm=swapper/2 prev_pid=0 prev_prio=0 prev_state=D ==> next_comm=102 next_pid=102 next_prio=0"
"          <idle>-0     (-----) [003] .... 0.000000: sched_switch: prev_comm=swapper/2 prev_pid=0 prev_prio=0 prev_state=D ==> next_comm=105 next_pid=105 next_prio=0"
"             105-105   (-----) [003] .... 0.000999: sched_switch: prev_comm=105 prev_pid=105 prev_prio=0 prev_state=D ==> next_comm=swapper/3 next_pid=0 next_prio=0"
"          <idle>-0     (-----) [003] .... 0.000999: sched_blocked_reason: pid=105 iowait=1 caller=some_fn"
"             102-102   (-----) [002] .... 0.000999: sched_switch: prev_comm=102 prev_pid=102 prev_prio=0 prev_state=D ==> next_comm=103 next_pid=103 next_prio=0"
"          <idle>-0     (-----) [002] .... 0.000999: sched_blocked_reason: pid=102 iowait=1 caller=filemap_fault"
"             100-100   (-----) [001] .... 0.001000: sched_switch: prev_comm=100 prev_pid=100 prev_prio=0 prev_state=D ==> next_comm=101 next_pid=101 next_prio=0"
"          <idle>-0     (-----) [001] .... 0.001000: sched_blocked_reason: pid=100 iowait=0 caller=filemap_fault"
"             101-101   (-----) [001] .... 0.001001: sched_switch: prev_comm=101 prev_pid=101 prev_prio=0 prev_state=D ==> next_comm=100 next_pid=100 next_prio=0"
"          <idle>-0     (-----) [001] .... 0.001001: sched_blocked_reason: pid=101 iowait=0 caller=2"
"             103-103   (-----) [002] .... 0.001002: sched_switch: prev_comm=103 prev_pid=103 prev_prio=0 prev_state=D ==> next_comm=104 next_pid=104 next_prio=0"
"          <idle>-0     (-----) [002] .... 0.001002: sched_blocked_reason: pid=103 iowait=1 caller=2"
"             100-100   (-----) [001] .... 0.001003: sched_switch: prev_comm=100 prev_pid=100 prev_prio=0 prev_state=D ==> next_comm=swapper/1 next_pid=0 next_prio=0"
"          <idle>-0     (-----) [001] .... 0.001003: sched_blocked_reason: pid=100 iowait=1 caller=some_other_fn"
"             104-104   (-----) [002] .... 0.001005: sched_switch: prev_comm=104 prev_pid=104 prev_prio=0 prev_state=D ==> next_comm=swapper/2 next_pid=0 next_prio=0"
"          <idle>-0     (-----) [002] .... 0.001005: sched_blocked_reason: pid=104 iowait=1 caller=filemap_fault"
