wattson_markers_threads {
  metric_version: 4
  power_model_version: 1
  period_info {
    period_id: 1
    task_info {
      estimated_mws: 15.333553
      estimated_mw: 7.546518
      idle_transitions_mws: -7.870787
      total_mws: 7.462766
      thread_name: "swapper"
      process_name: ""
      thread_id: 0
      process_id: 0
    }
    task_info {
      estimated_mws: 11.805121
      estimated_mw: 5.809974
      idle_transitions_mws: 0.389993
      total_mws: 12.195113
      thread_name: "RenderThread"
      process_name: "com.google.android.wearable.sysui"
      thread_id: 3099
      process_id: 2710
    }
    task_info {
      estimated_mws: 9.112684
      estimated_mw: 4.484872
      idle_transitions_mws: 0.013483
      total_mws: 9.126167
      thread_name: "binder:683_3"
      process_name: "/vendor/bin/hw/vendor.qti.hardware.display.composer-service"
      thread_id: 816
      process_id: 683
    }
    task_info {
      estimated_mws: 8.802570
      estimated_mw: 4.332248
      idle_transitions_mws: 0.226211
      total_mws: 9.028781
      thread_name: "surfaceflinger"
      process_name: "/system/bin/surfaceflinger"
      thread_id: 742
      process_id: 742
    }
    task_info {
      estimated_mws: 4.007993
      estimated_mw: 1.972562
      idle_transitions_mws: 0.515101
      total_mws: 4.523094
      thread_name: ".wearable.sysui"
      process_name: "com.google.android.wearable.sysui"
      thread_id: 2710
      process_id: 2710
    }
    task_info {
      estimated_mws: 1.779128
      estimated_mw: 0.875610
      idle_transitions_mws: 0.797607
      total_mws: 2.576735
      thread_name: "crtc_commit:80"
      process_name: "crtc_commit:80"
      thread_id: 300
      process_id: 300
    }
    task_info {
      estimated_mws: 1.436499
      estimated_mw: 0.706983
      idle_transitions_mws: 0.125747
      total_mws: 1.562246
      thread_name: "binder:2710_E"
      process_name: "com.google.android.wearable.sysui"
      thread_id: 6515
      process_id: 2710
    }
    task_info {
      estimated_mws: 1.262685
      estimated_mw: 0.621440
      idle_transitions_mws: 0.390284
      total_mws: 1.652969
      thread_name: "TimerDispatch"
      process_name: "/system/bin/surfaceflinger"
      thread_id: 819
      process_id: 742
    }
    task_info {
      estimated_mws: 1.242906
      estimated_mw: 0.611705
      idle_transitions_mws: 0.354291
      total_mws: 1.597197
      thread_name: "kworker/u8:4"
      process_name: "kworker/u8:4"
      thread_id: 11407
      process_id: 11407
    }
    task_info {
      estimated_mws: 1.231494
      estimated_mw: 0.606089
      idle_transitions_mws: 0.375246
      total_mws: 1.606740
      thread_name: "BckgrndExec HP"
      process_name: "/system/bin/surfaceflinger"
      thread_id: 837
      process_id: 742
    }
    task_info {
      estimated_mws: 1.194067
      estimated_mw: 0.587669
      idle_transitions_mws: 0.471840
      total_mws: 1.665906
      thread_name: "kworker/u8:5"
      process_name: "kworker/u8:5"
      thread_id: 10610
      process_id: 10610
    }
    task_info {
      estimated_mws: 1.132809
      estimated_mw: 0.557520
      idle_transitions_mws: 0.115116
      total_mws: 1.247925
      thread_name: "binder:742_2"
      process_name: "/system/bin/surfaceflinger"
      thread_id: 791
      process_id: 742
    }
    task_info {
      estimated_mws: 1.065350
      estimated_mw: 0.524320
      idle_transitions_mws: 1.216566
      total_mws: 2.281916
      thread_name: "rcu_preempt"
      process_name: "rcu_preempt"
      thread_id: 14
      process_id: 14
    }
    task_info {
      estimated_mws: 0.872391
      estimated_mw: 0.429353
      idle_transitions_mws: 0.083573
      total_mws: 0.955963
      thread_name: "binder:2710_7"
      process_name: "com.google.android.wearable.sysui"
      thread_id: 5691
      process_id: 2710
    }
    task_info {
      estimated_mws: 0.865098
      estimated_mw: 0.425764
      idle_transitions_mws: 0.015721
      total_mws: 0.880818
      thread_name: "traced_probes"
      process_name: "/system/bin/traced_probes"
      thread_id: 916
      process_id: 916
    }
    task_info {
      estimated_mws: 0.844506
      estimated_mw: 0.415630
      idle_transitions_mws: 0.000684
      total_mws: 0.845190
      thread_name: "sleep"
      process_name: "sleep"
      thread_id: 11474
      process_id: 11474
    }
    task_info {
      estimated_mws: 0.795564
      estimated_mw: 0.391542
      idle_transitions_mws: 0.275514
      total_mws: 1.071078
      thread_name: "kgsl_dispatcher"
      process_name: "kgsl_dispatcher"
      thread_id: 122
      process_id: 122
    }
    task_info {
      estimated_mws: 0.715993
      estimated_mw: 0.352381
      idle_transitions_mws: 0.485688
      total_mws: 1.201681
      thread_name: "irq/33-4520300."
      process_name: "irq/33-4520300."
      thread_id: 307
      process_id: 307
    }
    task_info {
      estimated_mws: 0.715212
      estimated_mw: 0.351997
      idle_transitions_mws: 0.076872
      total_mws: 0.792084
      thread_name: "binder:742_1"
      process_name: "/system/bin/surfaceflinger"
      thread_id: 786
      process_id: 742
    }
    task_info {
      estimated_mws: 0.659174
      estimated_mw: 0.324417
      idle_transitions_mws: 0.199539
      total_mws: 0.858713
      thread_name: "surfaceflinger"
      process_name: "/system/bin/surfaceflinger"
      thread_id: 788
      process_id: 742
    }
    task_info {
      estimated_mws: 0.653970
      estimated_mw: 0.321856
      idle_transitions_mws: 0.130330
      total_mws: 0.784300
      thread_name: "app"
      process_name: "/system/bin/surfaceflinger"
      thread_id: 820
      process_id: 742
    }
    task_info {
      estimated_mws: 0.463974
      estimated_mw: 0.228348
      idle_transitions_mws: 0.206787
      total_mws: 0.670761
      thread_name: "rcuog/0"
      process_name: "rcuog/0"
      thread_id: 15
      process_id: 15
    }
    task_info {
      estimated_mws: 0.434532
      estimated_mw: 0.213858
      idle_transitions_mws: 0.105910
      total_mws: 0.540442
      thread_name: "Primes-Jank"
      process_name: "com.google.android.wearable.sysui"
      thread_id: 5094
      process_id: 2710
    }
    task_info {
      estimated_mws: 0.356684
      estimated_mw: 0.175544
      idle_transitions_mws: 0.312822
      total_mws: 0.669506
      thread_name: "crtc_event:80"
      process_name: "crtc_event:80"
      thread_id: 301
      process_id: 301
    }
    task_info {
      estimated_mws: 0.271999
      estimated_mw: 0.133866
      idle_transitions_mws: 0.166489
      total_mws: 0.438488
      thread_name: "rcuog/2"
      process_name: "rcuog/2"
      thread_id: 40
      process_id: 40
    }
    task_info {
      estimated_mws: 0.204649
      estimated_mw: 0.100719
      idle_transitions_mws: 0.079022
      total_mws: 0.283671
      thread_name: "binder:2710_2"
      process_name: "com.google.android.wearable.sysui"
      thread_id: 3100
      process_id: 2710
    }
    task_info {
      estimated_mws: 0.197450
      estimated_mw: 0.097176
      idle_transitions_mws: 0.000000
      total_mws: 0.197450
      thread_name: "FileWatcherThre"
      process_name: "/vendor/bin/hw/android.hardware.thermal-service.pixel"
      thread_id: 1544
      process_id: 1529
    }
    task_info {
      estimated_mws: 0.165350
      estimated_mw: 0.081378
      idle_transitions_mws: 0.037012
      total_mws: 0.202361
      thread_name: "rcuop/0"
      process_name: "rcuop/0"
      thread_id: 16
      process_id: 16
    }
    task_info {
      estimated_mws: 0.123135
      estimated_mw: 0.060602
      idle_transitions_mws: 0.000000
      total_mws: 0.123135
      thread_name: "msm_irqbalance"
      process_name: "/vendor/bin/msm_irqbalance"
      thread_id: 3230
      process_id: 3230
    }
    task_info {
      estimated_mws: 0.122703
      estimated_mw: 0.060389
      idle_transitions_mws: 0.031263
      total_mws: 0.153966
      thread_name: "kgsl-events"
      process_name: "kgsl-events"
      thread_id: 120
      process_id: 120
    }
    task_info {
      estimated_mws: 0.106642
      estimated_mw: 0.052485
      idle_transitions_mws: 0.000000
      total_mws: 0.106642
      thread_name: "traced"
      process_name: "/system/bin/traced"
      thread_id: 919
      process_id: 919
    }
    task_info {
      estimated_mws: 0.104195
      estimated_mw: 0.051280
      idle_transitions_mws: 0.330365
      total_mws: 0.434559
      thread_name: "kworker/2:0"
      process_name: "kworker/2:0"
      thread_id: 11444
      process_id: 11444
    }
    task_info {
      estimated_mws: 0.095284
      estimated_mw: 0.046894
      idle_transitions_mws: 0.041776
      total_mws: 0.137060
      thread_name: "rcuop/2"
      process_name: "rcuop/2"
      thread_id: 41
      process_id: 41
    }
    task_info {
      estimated_mws: 0.084534
      estimated_mw: 0.041604
      idle_transitions_mws: 0.030031
      total_mws: 0.114564
      thread_name: "RegSampIdle"
      process_name: "/system/bin/surfaceflinger"
      thread_id: 826
      process_id: 742
    }
    task_info {
      estimated_mws: 0.076505
      estimated_mw: 0.037652
      idle_transitions_mws: 0.081632
      total_mws: 0.158136
      thread_name: "rcuop/1"
      process_name: "rcuop/1"
      thread_id: 32
      process_id: 32
    }
    task_info {
      estimated_mws: 0.067736
      estimated_mw: 0.033337
      idle_transitions_mws: 0.000000
      total_mws: 0.067736
      thread_name: "sh"
      process_name: "/system/bin/sh"
      thread_id: 11472
      process_id: 11472
    }
    task_info {
      estimated_mws: 0.065940
      estimated_mw: 0.032453
      idle_transitions_mws: 0.003533
      total_mws: 0.069474
      thread_name: "BG"
      process_name: "com.google.android.wearable.sysui"
      thread_id: 3524
      process_id: 2710
    }
    task_info {
      estimated_mws: 0.053141
      estimated_mw: 0.026154
      idle_transitions_mws: 0.000744
      total_mws: 0.053885
      thread_name: "StateService"
      process_name: "com.google.android.apps.scone"
      thread_id: 3621
      process_id: 3505
    }
    task_info {
      estimated_mws: 0.052200
      estimated_mw: 0.025691
      idle_transitions_mws: 0.000544
      total_mws: 0.052744
      thread_name: "Blocking Thread"
      process_name: "com.fitbit.FitbitMobile"
      thread_id: 11310
      process_id: 11279
    }
    task_info {
      estimated_mws: 0.040767
      estimated_mw: 0.020064
      idle_transitions_mws: 0.003589
      total_mws: 0.044356
      thread_name: "kworker/0:1"
      process_name: "kworker/0:1"
      thread_id: 11436
      process_id: 11436
    }
    task_info {
      estimated_mws: 0.040587
      estimated_mw: 0.019975
      idle_transitions_mws: 0.000000
      total_mws: 0.040587
      thread_name: "binder:1629_7"
      process_name: "system_server"
      thread_id: 2635
      process_id: 1629
    }
    task_info {
      estimated_mws: 0.040484
      estimated_mw: 0.019924
      idle_transitions_mws: 0.023436
      total_mws: 0.063920
      thread_name: "rcuop/3"
      process_name: "rcuop/3"
      thread_id: 49
      process_id: 49
    }
    task_info {
      estimated_mws: 0.038016
      estimated_mw: 0.018710
      idle_transitions_mws: 0.003907
      total_mws: 0.041923
      thread_name: "atchdog.monitor"
      process_name: "system_server"
      thread_id: 1669
      process_id: 1629
    }
    task_info {
      estimated_mws: 0.036888
      estimated_mw: 0.018155
      idle_transitions_mws: 0.000000
      total_mws: 0.036888
      thread_name: "logd.writer"
      process_name: "/system/bin/logd"
      thread_id: 228
      process_id: 213
    }
    task_info {
      estimated_mws: 0.032972
      estimated_mw: 0.016227
      idle_transitions_mws: 0.029314
      total_mws: 0.062286
      thread_name: "surfaceflinger"
      process_name: "/system/bin/surfaceflinger"
      thread_id: 828
      process_id: 742
    }
    task_info {
      estimated_mws: 0.032239
      estimated_mw: 0.015867
      idle_transitions_mws: 0.002338
      total_mws: 0.034577
      thread_name: "it.FitbitMobile"
      process_name: "com.fitbit.FitbitMobile"
      thread_id: 11279
      process_id: 11279
    }
    task_info {
      estimated_mws: 0.031160
      estimated_mw: 0.015336
      idle_transitions_mws: 0.000559
      total_mws: 0.031719
      thread_name: "binder:11279_4"
      process_name: "com.fitbit.FitbitMobile"
      thread_id: 11426
      process_id: 11279
    }
    task_info {
      estimated_mws: 0.028389
      estimated_mw: 0.013972
      idle_transitions_mws: 0.000000
      total_mws: 0.028389
      thread_name: "irq/207-dwc3"
      process_name: "irq/207-dwc3"
      thread_id: 9733
      process_id: 9733
    }
    task_info {
      estimated_mws: 0.027208
      estimated_mw: 0.013391
      idle_transitions_mws: 0.000951
      total_mws: 0.028159
      thread_name: "UsbFfs-worker"
      process_name: "/apex/com.android.adbd/bin/adbd"
      thread_id: 9734
      process_id: 5154
    }
    task_info {
      estimated_mws: 0.024832
      estimated_mw: 0.012221
      idle_transitions_mws: 0.000000
      total_mws: 0.024832
      thread_name: "logcat"
      process_name: "logcat"
      thread_id: 1199
      process_id: 1199
    }
    task_info {
      estimated_mws: 0.023707
      estimated_mw: 0.011668
      idle_transitions_mws: 0.000854
      total_mws: 0.024561
      thread_name: "logd.reader.per"
      process_name: "/system/bin/logd"
      thread_id: 1227
      process_id: 213
    }
    task_info {
      estimated_mws: 0.022160
      estimated_mw: 0.010906
      idle_transitions_mws: 0.006160
      total_mws: 0.028321
      thread_name: "kworker/u8:2"
      process_name: "kworker/u8:2"
      thread_id: 11458
      process_id: 11458
    }
    task_info {
      estimated_mws: 0.019052
      estimated_mw: 0.009376
      idle_transitions_mws: 0.008773
      total_mws: 0.027824
      thread_name: "Scheduled BG"
      process_name: "com.google.android.wearable.sysui"
      thread_id: 3575
      process_id: 2710
    }
    task_info {
      estimated_mws: 0.018414
      estimated_mw: 0.009063
      idle_transitions_mws: 0.040863
      total_mws: 0.059277
      thread_name: "RegionSampling"
      process_name: "/system/bin/surfaceflinger"
      thread_id: 825
      process_id: 742
    }
    task_info {
      estimated_mws: 0.016701
      estimated_mw: 0.008220
      idle_transitions_mws: 0.006677
      total_mws: 0.023378
      thread_name: "halt_drain_rqs"
      process_name: "halt_drain_rqs"
      thread_id: 108
      process_id: 108
    }
    task_info {
      estimated_mws: 0.011023
      estimated_mw: 0.005425
      idle_transitions_mws: 0.001868
      total_mws: 0.012891
      thread_name: "irq/26-4744000."
      process_name: "irq/26-4744000."
      thread_id: 112
      process_id: 112
    }
    task_info {
      estimated_mws: 0.010004
      estimated_mw: 0.004924
      idle_transitions_mws: 0.000000
      total_mws: 0.010004
      thread_name: "migration/2"
      process_name: "migration/2"
      thread_id: 35
      process_id: 35
    }
    task_info {
      estimated_mws: 0.008819
      estimated_mw: 0.004341
      idle_transitions_mws: 0.000000
      total_mws: 0.008819
      thread_name: "ksoftirqd/0"
      process_name: "ksoftirqd/0"
      thread_id: 13
      process_id: 13
    }
    task_info {
      estimated_mws: 0.007911
      estimated_mw: 0.003894
      idle_transitions_mws: 0.001476
      total_mws: 0.009387
      thread_name: "watchdog"
      process_name: "system_server"
      thread_id: 1676
      process_id: 1629
    }
    task_info {
      estimated_mws: 0.007796
      estimated_mw: 0.003837
      idle_transitions_mws: 0.001116
      total_mws: 0.008912
      thread_name: "pool-283-thread"
      process_name: "system_server"
      thread_id: 4427
      process_id: 1629
    }
    task_info {
      estimated_mws: 0.007628
      estimated_mw: 0.003754
      idle_transitions_mws: 0.001280
      total_mws: 0.008908
      thread_name: "adbd"
      process_name: "/apex/com.android.adbd/bin/adbd"
      thread_id: 5154
      process_id: 5154
    }
    task_info {
      estimated_mws: 0.006796
      estimated_mw: 0.003344
      idle_transitions_mws: 0.002020
      total_mws: 0.008815
      thread_name: "pool-1-thread-1"
      process_name: "system_server"
      thread_id: 2655
      process_id: 1629
    }
    task_info {
      estimated_mws: 0.005691
      estimated_mw: 0.002801
      idle_transitions_mws: 0.002077
      total_mws: 0.007768
      thread_name: "pool-1-thread-1"
      process_name: "com.google.android.apps.scone"
      thread_id: 3625
      process_id: 3505
    }
    task_info {
      estimated_mws: 0.005476
      estimated_mw: 0.002695
      idle_transitions_mws: 0.000000
      total_mws: 0.005476
      thread_name: "binder:237_2"
      process_name: "/system/bin/vold"
      thread_id: 237
      process_id: 237
    }
    task_info {
      estimated_mws: 0.004537
      estimated_mw: 0.002233
      idle_transitions_mws: 0.000000
      total_mws: 0.004537
      thread_name: "shell svc 11472"
      process_name: "/apex/com.android.adbd/bin/adbd"
      thread_id: 11473
      process_id: 5154
    }
    task_info {
      estimated_mws: 0.003924
      estimated_mw: 0.001931
      idle_transitions_mws: 0.000000
      total_mws: 0.003924
      thread_name: "ksoftirqd/1"
      process_name: "ksoftirqd/1"
      thread_id: 29
      process_id: 29
    }
    task_info {
      estimated_mws: 0.002908
      estimated_mw: 0.001431
      idle_transitions_mws: 0.000000
      total_mws: 0.002908
      thread_name: "BG"
      process_name: "com.google.android.wearable.sysui"
      thread_id: 5230
      process_id: 2710
    }
    task_info {
      estimated_mws: 0.002492
      estimated_mw: 0.001226
      idle_transitions_mws: 0.031028
      total_mws: 0.033520
      thread_name: "kworker/3:2"
      process_name: "kworker/3:2"
      thread_id: 9832
      process_id: 9832
    }
    task_info {
      estimated_mws: 0.002333
      estimated_mw: 0.001148
      idle_transitions_mws: 0.000987
      total_mws: 0.003320
      thread_name: "Scheduled BG"
      process_name: "com.google.android.wearable.sysui"
      thread_id: 3577
      process_id: 2710
    }
    task_info {
      estimated_mws: 0.002293
      estimated_mw: 0.001128
      idle_transitions_mws: 0.001032
      total_mws: 0.003324
      thread_name: "InputReader"
      process_name: "system_server"
      thread_id: 2560
      process_id: 1629
    }
    task_info {
      estimated_mws: 0.002261
      estimated_mw: 0.001113
      idle_transitions_mws: 0.000000
      total_mws: 0.002261
      thread_name: "DefaultDispatch"
      process_name: "com.google.android.wearable.media.sessions"
      thread_id: 3618
      process_id: 3553
    }
    task_info {
      estimated_mws: 0.002226
      estimated_mw: 0.001095
      idle_transitions_mws: 0.000000
      total_mws: 0.002226
      thread_name: "migration/3"
      process_name: "migration/3"
      thread_id: 44
      process_id: 44
    }
    task_info {
      estimated_mws: 0.002100
      estimated_mw: 0.001034
      idle_transitions_mws: 0.000895
      total_mws: 0.002995
      thread_name: "InputDispatcher"
      process_name: "system_server"
      thread_id: 2559
      process_id: 1629
    }
    task_info {
      estimated_mws: 0.001973
      estimated_mw: 0.000971
      idle_transitions_mws: 0.001226
      total_mws: 0.003199
      thread_name: "kworker/1:0"
      process_name: "kworker/1:0"
      thread_id: 10984
      process_id: 10984
    }
    task_info {
      estimated_mws: 0.001966
      estimated_mw: 0.000967
      idle_transitions_mws: 0.000000
      total_mws: 0.001966
      thread_name: "irq/193-wdog-ba"
      process_name: "irq/193-wdog-ba"
      thread_id: 344
      process_id: 344
    }
    task_info {
      estimated_mws: 0.001867
      estimated_mw: 0.000919
      idle_transitions_mws: 0.000000
      total_mws: 0.001867
      thread_name: "DefaultDispatch"
      process_name: "com.google.android.wearable.media.sessions"
      thread_id: 3615
      process_id: 3553
    }
    task_info {
      estimated_mws: 0.001867
      estimated_mw: 0.000919
      idle_transitions_mws: 0.000967
      total_mws: 0.002834
      thread_name: "irq/25-mmc0"
      process_name: "irq/25-mmc0"
      thread_id: 115
      process_id: 115
    }
    task_info {
      estimated_mws: 0.001728
      estimated_mw: 0.000851
      idle_transitions_mws: 0.000000
      total_mws: 0.001728
      thread_name: "iou-wrk-214"
      process_name: "/system/bin/lmkd"
      thread_id: 11440
      process_id: 214
    }
    task_info {
      estimated_mws: 0.001600
      estimated_mw: 0.000787
      idle_transitions_mws: 0.002316
      total_mws: 0.003915
      thread_name: "DefaultDispatch"
      process_name: "com.google.android.wearable.media.sessions"
      thread_id: 3616
      process_id: 3553
    }
    task_info {
      estimated_mws: 0.001393
      estimated_mw: 0.000686
      idle_transitions_mws: 0.000000
      total_mws: 0.001393
      thread_name: "kworker/u8:1"
      process_name: "kworker/u8:1"
      thread_id: 11185
      process_id: 11185
    }
    task_info {
      estimated_mws: 0.001373
      estimated_mw: 0.000676
      idle_transitions_mws: 0.007744
      total_mws: 0.009117
      thread_name: "Scheduled BG"
      process_name: "com.google.android.wearable.sysui"
      thread_id: 3576
      process_id: 2710
    }
    task_info {
      estimated_mws: 0.000811
      estimated_mw: 0.000399
      idle_transitions_mws: 0.000000
      total_mws: 0.000811
      thread_name: "Scheduled BG"
      process_name: "com.google.android.wearable.sysui"
      thread_id: 3622
      process_id: 2710
    }
  }
}
