android_startup {
  startup {
    startup_id: 1
    cpu_count: 0
    package_name: "com.google.android.calendar"
    zygote_new_process: false
    to_first_frame {
      dur_ns: 100
      main_thread_by_task_state {
        running_dur_ns: 0
        runnable_dur_ns: 0
        uninterruptible_sleep_dur_ns: 0
        interruptible_sleep_dur_ns: 0
        uninterruptible_io_sleep_dur_ns: 0
        uninterruptible_non_io_sleep_dur_ns: 0
      }
      other_processes_spawned_count: 0
      dur_ms: 0.0001
    }
    activity_hosting_process_count: 0
    event_timestamps {
      intent_received: 100
      first_frame: 200
    }
    system_state {
      dex2oat_running: false
      installd_running: false
      broadcast_dispatched_count: 0
      broadcast_received_count: 0
      installd_dur_ns: 0
      dex2oat_dur_ns: 0
    }
    slow_start_reason: "Unlock running during launch"
    slow_start_reason_with_details {
      reason_id: UNLOCK_RUNNING
      reason: "Unlock running during launch"
      severity: ERROR
      expected_value {
        value: 0
        unit: TRUE_OR_FALSE
      }
      actual_value {
        value: 1
      }
      launch_dur: 100
      trace_slice_sections {
        slice_section {
          start_timestamp: 130
          end_timestamp: 133
          slice_id: 1
          slice_name: "KeyguardUpdateMonitor#onAuthenticationSucceeded"
          thread_tid: 2
        }
        start_timestamp: 130
        end_timestamp: 133
      }
    }
  }
}
