android_startup {
  startup {
    startup_id: 0
    cpu_count: 0
    package_name: "com.google.android.calendar"
    process_name: "com.google.android.calendar:debug"
    zygote_new_process: false
    to_first_frame {
      dur_ns: 7
      main_thread_by_task_state {
        running_dur_ns: 0
        runnable_dur_ns: 4
        uninterruptible_sleep_dur_ns: 0
        interruptible_sleep_dur_ns: 0
        uninterruptible_io_sleep_dur_ns: 0
        uninterruptible_non_io_sleep_dur_ns: 0
      }
      other_processes_spawned_count: 0
      time_activity_manager {
        dur_ns: 2
        dur_ms: 2e-06
      }
      time_bind_application {
        dur_ns: 1
        dur_ms: 1e-06
      }
      time_activity_start {
        dur_ns: 1
        dur_ms: 1e-06
      }
      time_activity_resume {
        dur_ns: 1
        dur_ms: 1e-06
      }
      dur_ms: 7e-06
      to_bind_application {
        dur_ns: 3
        dur_ms: 3e-06
      }
    }
    activity_hosting_process_count: 1
    process {
      name: "com.google.android.calendar:debug"
      uid: 10001
      package {
        package_name: "com.google.android.calendar"
        apk_version_code: 123
        debuggable: false
      }
      pid: 3
      android_user_id: 0
      is_kernel_task: false
    }
    event_timestamps {
      intent_received: 100
      first_frame: 107
    }
    system_state {
      dex2oat_running: false
      installd_running: false
      broadcast_dispatched_count: 0
      broadcast_received_count: 0
      installd_dur_ns: 0
      dex2oat_dur_ns: 0
    }
    startup_type: "cold"
    slow_start_reason_with_details {
      reason_id: MAIN_THREAD_TIME_SPENT_IN_RUNNABLE
      reason: "Main Thread - Time spent in Runnable state"
      severity: WARNING
      expected_value {
        value: 15
        unit: PERCENTAGE
        higher_expected: false
      }
      actual_value {
        value: 57
        dur: 4
      }
      launch_dur: 7
      trace_thread_sections {
        thread_section {
          start_timestamp: 103
          end_timestamp: 107
          thread_name: "com.google.android.calendar"
          process_pid: 3
          thread_tid: 3
        }
        start_timestamp: 103
        end_timestamp: 107
      }
    }
  }
  startup {
    startup_id: 1
    cpu_count: 0
    package_name: "com.google.android.calendar"
    process_name: "com.google.android.calendar"
    zygote_new_process: false
    to_first_frame {
      dur_ns: 7
      main_thread_by_task_state {
        running_dur_ns: 0
        runnable_dur_ns: 4
        uninterruptible_sleep_dur_ns: 0
        interruptible_sleep_dur_ns: 0
        uninterruptible_io_sleep_dur_ns: 0
        uninterruptible_non_io_sleep_dur_ns: 0
      }
      other_processes_spawned_count: 0
      time_activity_manager {
        dur_ns: 2
        dur_ms: 2e-06
      }
      time_bind_application {
        dur_ns: 1
        dur_ms: 1e-06
      }
      time_activity_start {
        dur_ns: 1
        dur_ms: 1e-06
      }
      time_activity_resume {
        dur_ns: 1
        dur_ms: 1e-06
      }
      dur_ms: 7e-06
      to_bind_application {
        dur_ns: 3
        dur_ms: 3e-06
      }

    }
    activity_hosting_process_count: 1
    process {
      name: "com.google.android.calendar"
      uid: 10001
      package {
        package_name: "com.google.android.calendar"
        apk_version_code: 123
        debuggable: false
      }
      pid: 4
      android_user_id: 0
      is_kernel_task: false
    }
    event_timestamps {
      intent_received: 200
      first_frame: 207
    }
    system_state {
      dex2oat_running: false
      installd_running: false
      broadcast_dispatched_count: 0
      broadcast_received_count: 0
      installd_dur_ns: 0
      dex2oat_dur_ns: 0
    }
    startup_type: "cold"
    slow_start_reason_with_details {
      reason_id: MAIN_THREAD_TIME_SPENT_IN_RUNNABLE
      reason: "Main Thread - Time spent in Runnable state"
      severity: WARNING
      expected_value {
        value: 15
        unit: PERCENTAGE
        higher_expected: false
      }
      actual_value {
        value: 57
        dur: 4
      }
      launch_dur: 7
      trace_thread_sections {
        thread_section {
          start_timestamp: 203
          end_timestamp: 207
          thread_name: "com.google.android.calendar"
          process_pid: 4
          thread_tid: 4
        }
        start_timestamp: 203
        end_timestamp: 207
      }
    }
  }
}
