android_startup {
  startup {
    startup_id: 1
    cpu_count: 0
    package_name: "com.google.android.calendar"
    process_name: "com.google.android.calendar"
    zygote_new_process: false
    to_first_frame {
      dur_ns: 100000000000
      main_thread_by_task_state {
        running_dur_ns: 0
        runnable_dur_ns: 0
        uninterruptible_sleep_dur_ns: 0
        interruptible_sleep_dur_ns: 0
	uninterruptible_io_sleep_dur_ns: 0
	uninterruptible_non_io_sleep_dur_ns: 0
      }
      other_processes_spawned_count: 0
      time_bind_application {
        dur_ns: 3000000000
        dur_ms: 3000.0
      }
      time_activity_start {
        dur_ns: 1000000000
        dur_ms: 1000.0
      }
      time_activity_resume {
        dur_ns: 1000000000
        dur_ms: 1000.0
      }
      dur_ms: 100000.0
      to_bind_application {
        dur_ns: 2000000000
        dur_ms: 2000.0
      }
      time_lock_contention_thread_main {
        dur_ns: 27000000000
        dur_ms: 27000.0
      }
      time_monitor_contention_thread_main {
        dur_ns: 17000000000
        dur_ms: 17000.0
      }
    }
    activity_hosting_process_count: 1
    process {
      name: "com.google.android.calendar"
      uid: 10001
      package {
        package_name: "com.google.android.calendar"
        apk_version_code: 123
        debuggable: false
      }
      pid: 3
      android_user_id: 0
      is_kernel_task: false
    }
    event_timestamps {
      intent_received: 110000000000
      first_frame: 210000000000
    }
    system_state {
      dex2oat_running: false
      installd_running: false
      broadcast_dispatched_count: 0
      broadcast_received_count: 0
      installd_dur_ns: 0
      dex2oat_dur_ns: 0
    }
    slow_start_reason: "Time spent in bindApplication"
    slow_start_reason: "Main Thread - Lock contention"
    slow_start_reason: "Main Thread - Monitor contention"
    slow_start_reason_with_details {
      reason_id: TIME_SPENT_IN_BIND_APPLICATION
      reason: "Time spent in bindApplication"
      severity: WARNING
      expected_value {
        value: 1250000000
        unit: NS
        higher_expected: false
      }
      actual_value {
        value: 3000000000
      }
      launch_dur: 100000000000
      trace_slice_sections {
        slice_section {
          start_timestamp: 112000000000
          end_timestamp: 115000000000
          slice_id: 1
          slice_name: "bindApplication"
          process_pid: 3
          thread_tid: 3
        }
        start_timestamp: 112000000000
        end_timestamp: 115000000000
      }
    }
    slow_start_reason_with_details {
      reason_id: MAIN_THREAD_LOCK_CONTENTION
      reason: "Main Thread - Lock contention"
      severity: WARNING
      expected_value {
        value: 20
        unit: PERCENTAGE
        higher_expected: false
      }
      actual_value {
        value: 27
        dur: 27000000000
      }
      launch_dur: 100000000000
      trace_slice_sections {
        slice_section {
          start_timestamp: 140000000000
          end_timestamp: 157000000000
          slice_id: 5
          slice_name: "Lock contention on a monitor lock (owner tid: 2)"
          process_pid: 3
          thread_tid: 3
        }
        slice_section {
          start_timestamp: 120000000000
          end_timestamp: 130000000000
          slice_id: 4
          slice_name: "Lock contention on thread list lock (owner tid: 2)"
          process_pid: 3
          thread_tid: 3
        }
        slice_section {
          start_timestamp: 155000000000
          end_timestamp: 160000000000
          slice_id: 6
          slice_name: "Lock contention on a monitor lock (owner tid: 3)"
          process_pid: 3
          thread_tid: 4
        }
        start_timestamp: 120000000000
        end_timestamp: 160000000000
      }
    }
    slow_start_reason_with_details {
     reason_id: MAIN_THREAD_MONITOR_CONTENTION
     reason: "Main Thread - Monitor contention"
     severity: WARNING
     expected_value {
       value: 15
       unit: PERCENTAGE
       higher_expected: false
     }
     actual_value {
       value: 17
       dur: 17000000000
     }
     launch_dur: 100000000000
     trace_slice_sections {
       slice_section {
         start_timestamp: 140000000000
         end_timestamp: 157000000000
         slice_id: 5
         slice_name: "Lock contention on a monitor lock (owner tid: 2)"
         process_pid: 3
         thread_tid: 3
       }
       slice_section {
         start_timestamp: 155000000000
         end_timestamp: 160000000000
         slice_id: 6
         slice_name: "Lock contention on a monitor lock (owner tid: 3)"
         process_pid: 3
         thread_tid: 4
       }
       start_timestamp: 140000000000
       end_timestamp: 160000000000
     }
    }
    startup_type: "cold"
  }
}
