android_startup {
  startup {
    startup_id: 1
    cpu_count: 0
    package_name: "com.google.android.calendar"
    zygote_new_process: false
    to_first_frame {
      dur_ns: 100
      main_thread_by_task_state {
        running_dur_ns: 0
        runnable_dur_ns: 0
        uninterruptible_sleep_dur_ns: 0
        interruptible_sleep_dur_ns: 0
	uninterruptible_io_sleep_dur_ns: 0
	uninterruptible_non_io_sleep_dur_ns: 0
      }
      other_processes_spawned_count: 0
      dur_ms: 0.0001
    }
    activity_hosting_process_count: 0
    event_timestamps {
      intent_received: 110
      first_frame: 210
    }
    system_state {
      dex2oat_running: false
      installd_running: false
      broadcast_dispatched_count: 0
      broadcast_received_count: 0
      installd_dur_ns: 0
      dex2oat_dur_ns: 0
    }
    slow_start_reason: "App in debuggable mode"
    slow_start_reason_with_details {
    severity: ERROR
      reason_id: APP_IN_DEBUGGABLE_MODE
      reason: "App in debuggable mode"
      expected_value {
        value: 0
        unit: TRUE_OR_FALSE
      }
      actual_value {
        value: 1
      }
      launch_dur: 100
    }
  }
  startup {
    startup_id: 2
    cpu_count: 0
    package_name: "com.google.android.calendar"
    process_name: "com.google.android.calendar"
    zygote_new_process: false
    to_first_frame {
      dur_ns: 10
      main_thread_by_task_state {
        running_dur_ns: 0
        runnable_dur_ns: 0
        uninterruptible_sleep_dur_ns: 0
        interruptible_sleep_dur_ns: 0
        uninterruptible_io_sleep_dur_ns: 0
        uninterruptible_non_io_sleep_dur_ns: 0
      }
      other_processes_spawned_count: 0
      time_activity_resume {
        dur_ns: 4
        dur_ms: 4e-06
      }
      dur_ms: 1e-05
    }
    activity_hosting_process_count: 1
    process {
      name: "com.google.android.calendar"
      uid: 10001
      package {
        package_name: "com.google.android.calendar"
        apk_version_code: 123
        debuggable: true
      }
      pid: 3
      android_user_id: 0
      is_kernel_task: false
    }
    event_timestamps {
      intent_received: 220
      first_frame: 230
    }
    system_state {
      dex2oat_running: false
      installd_running: false
      broadcast_dispatched_count: 0
      broadcast_received_count: 0
      installd_dur_ns: 0
      dex2oat_dur_ns: 0
    }
    startup_type: "hot"
    slow_start_reason: "App in debuggable mode"
    slow_start_reason_with_details {
      reason_id: APP_IN_DEBUGGABLE_MODE
      reason: "App in debuggable mode"
      severity: ERROR
      expected_value {
        value: 0
        unit: TRUE_OR_FALSE
      }
      actual_value {
        value: 1
      }
      launch_dur: 10
    }
  }
}
