android_cpu {
  process_info {
    name: "Process1"
    metrics {
      mcycles: 2
      runtime_ns: 3000000
      min_freq_khz: 500000
      max_freq_khz: 1400000
      avg_freq_khz: 800000
    }
    core_type {
      type: "little"
      metrics {
        mcycles: 2
        runtime_ns: 3000000
        min_freq_khz: 500000
        max_freq_khz: 1400000
        avg_freq_khz: 800000
      }
    }
    threads {
      name: "Process1"
      core {
        id: 0
        metrics {
          mcycles: 1
          runtime_ns: 2000000
          min_freq_khz: 500000
          max_freq_khz: 500000
          avg_freq_khz: 500000
        }
      }
      metrics {
        mcycles: 1
        runtime_ns: 2000000
        min_freq_khz: 500000
        max_freq_khz: 500000
        avg_freq_khz: 500000
      }
      core_type {
        type: "little"
        metrics {
          mcycles: 1
          runtime_ns: 2000000
          min_freq_khz: 500000
          max_freq_khz: 500000
          avg_freq_khz: 500000
        }
      }
    }
    threads {
      name: "p1-t2"
      core {
        id: 0
        metrics {
          mcycles: 1
          runtime_ns: 1000000
          min_freq_khz: 1400000
          max_freq_khz: 1400000
          avg_freq_khz: 1400000
        }
      }
      metrics {
        mcycles: 1
        runtime_ns: 1000000
        min_freq_khz: 1400000
        max_freq_khz: 1400000
        avg_freq_khz: 1400000
      }
      core_type {
        type: "little"
        metrics {
          mcycles: 1
          runtime_ns: 1000000
          min_freq_khz: 1400000
          max_freq_khz: 1400000
          avg_freq_khz: 1400000
        }
      }
    }
    core {
      id: 0
      metrics {
        mcycles: 2
        runtime_ns: 3000000
        min_freq_khz: 500000
        max_freq_khz: 1400000
        avg_freq_khz: 800000
      }
    }
    process {
      name: "Process1"
      pid: 1
      is_kernel_task: false
    }
  }
  process_info {
    name: "Process2"
    metrics {
      mcycles: 21
      runtime_ns: 7000000
      min_freq_khz: 2000000
      max_freq_khz: 8000000
      avg_freq_khz: 3000000
    }
    core_type {
      type: "big"
      metrics {
        mcycles: 16
        runtime_ns: 5000000
        min_freq_khz: 2000000
        max_freq_khz: 8000000
        avg_freq_khz: 3200000
      }
    }
    core_type {
      type: "little"
      metrics {
        mcycles: 5
        runtime_ns: 2000000
        min_freq_khz: 2500000
        max_freq_khz: 2500000
        avg_freq_khz: 2500000
      }
    }
    threads {
      name: "p2-t2"
      core {
        id: 6
        metrics {
          mcycles: 4
          runtime_ns: 2000000
          min_freq_khz: 2000000
          max_freq_khz: 2000000
          avg_freq_khz: 2000000
        }
      }
      metrics {
        mcycles: 4
        runtime_ns: 2000000
        min_freq_khz: 2000000
        max_freq_khz: 2000000
        avg_freq_khz: 2000000
      }
      core_type {
        type: "big"
        metrics {
          mcycles: 4
          runtime_ns: 2000000
          min_freq_khz: 2000000
          max_freq_khz: 2000000
          avg_freq_khz: 2000000
        }
      }
    }
    threads {
      name: "p2-t3"
      core {
        id: 6
        metrics {
          mcycles: 12
          runtime_ns: 3000000
          min_freq_khz: 2000000
          max_freq_khz: 8000000
          avg_freq_khz: 4000000
        }
      }
      metrics {
        mcycles: 12
        runtime_ns: 3000000
        min_freq_khz: 2000000
        max_freq_khz: 8000000
        avg_freq_khz: 4000000
      }
      core_type {
        type: "big"
        metrics {
          mcycles: 12
          runtime_ns: 3000000
          min_freq_khz: 2000000
          max_freq_khz: 8000000
          avg_freq_khz: 4000000
        }
      }
    }
    threads {
      name: "Process2"
      core {
        id: 0
        metrics {
          mcycles: 5
          runtime_ns: 2000000
          min_freq_khz: 2500000
          max_freq_khz: 2500000
          avg_freq_khz: 2500000
        }
      }
      metrics {
        mcycles: 5
        runtime_ns: 2000000
        min_freq_khz: 2500000
        max_freq_khz: 2500000
        avg_freq_khz: 2500000
      }
      core_type {
        type: "little"
        metrics {
          mcycles: 5
          runtime_ns: 2000000
          min_freq_khz: 2500000
          max_freq_khz: 2500000
          avg_freq_khz: 2500000
        }
      }
    }
    core {
      id: 0
      metrics {
        mcycles: 5
        runtime_ns: 2000000
        min_freq_khz: 2500000
        max_freq_khz: 2500000
        avg_freq_khz: 2500000
      }
    }
    core {
      id: 6
      metrics {
        mcycles: 16
        runtime_ns: 5000000
        min_freq_khz: 2000000
        max_freq_khz: 8000000
        avg_freq_khz: 3200000
      }
    }
    process {
      name: "Process2"
      pid: 2
      is_kernel_task: false
    }
  }
  process_info {
    name: "Process3"
    metrics {
      mcycles: 18
      runtime_ns: 6000000
      min_freq_khz: 500000
      max_freq_khz: 8000000
      avg_freq_khz: 3150000
    }
    core_type {
      type: "big"
      metrics {
        mcycles: 16
        runtime_ns: 2000000
        min_freq_khz: 8000000
        max_freq_khz: 8000000
        avg_freq_khz: 8000000
      }
    }
    core_type {
      type: "little"
      metrics {
        mcycles: 2
        runtime_ns: 4000000
        min_freq_khz: 500000
        max_freq_khz: 1400000
        avg_freq_khz: 725000
      }
    }
    threads {
      name: "Process3"
      core {
        id: 0
        metrics {
          mcycles: 2
          runtime_ns: 4000000
          min_freq_khz: 500000
          max_freq_khz: 1400000
          avg_freq_khz: 725000
        }
      }
      core {
        id: 6
        metrics {
          mcycles: 16
          runtime_ns: 2000000
          min_freq_khz: 8000000
          max_freq_khz: 8000000
          avg_freq_khz: 8000000
        }
      }
      metrics {
        mcycles: 18
        runtime_ns: 6000000
        min_freq_khz: 500000
        max_freq_khz: 8000000
        avg_freq_khz: 3150000
      }
      core_type {
        type: "big"
        metrics {
          mcycles: 16
          runtime_ns: 2000000
          min_freq_khz: 8000000
          max_freq_khz: 8000000
          avg_freq_khz: 8000000
        }
      }
      core_type {
        type: "little"
        metrics {
          mcycles: 2
          runtime_ns: 4000000
          min_freq_khz: 500000
          max_freq_khz: 1400000
          avg_freq_khz: 725000
        }
      }
    }
    core {
      id: 0
      metrics {
        mcycles: 2
        runtime_ns: 4000000
        min_freq_khz: 500000
        max_freq_khz: 1400000
        avg_freq_khz: 725000
      }
    }
    core {
      id: 6
      metrics {
        mcycles: 16
        runtime_ns: 2000000
        min_freq_khz: 8000000
        max_freq_khz: 8000000
        avg_freq_khz: 8000000
      }
    }
    process {
      name: "Process3"
      pid: 3
      is_kernel_task: false
    }
  }
}