android_startup {
  startup {
    startup_id: 0
    cpu_count: 2
    package_name: "com.google.android.calendar"
    process_name: "com.google.android.calendar"
    zygote_new_process: false
    to_first_frame {
      dur_ns: 108
      main_thread_by_task_state {
        running_dur_ns: 10
        runnable_dur_ns: 80
        uninterruptible_sleep_dur_ns: 0
        interruptible_sleep_dur_ns: 10
        uninterruptible_io_sleep_dur_ns: 0
        uninterruptible_non_io_sleep_dur_ns: 0
      }
      other_processes_spawned_count: 1
      time_activity_manager {
        dur_ns: 8
        dur_ms: 8e-06
      }
      time_activity_start {
        dur_ns: 2
        dur_ms: 2e-06
      }
      time_activity_resume {
        dur_ns: 1
        dur_ms: 1e-06
      }
      dur_ms: 0.000108
      time_to_running_state {
        dur_ns: 8
        dur_ms: 8e-06
      }
    }
    activity_hosting_process_count: 1
    process {
      name: "com.google.android.calendar"
      uid: 10001
      package {
        package_name: "com.google.android.calendar"
        apk_version_code: 123
        debuggable: false
      }
      pid: 3
      android_user_id: 0
      is_kernel_task: false
    }
    report_fully_drawn {
      dur_ns: 198
      dur_ms: 0.000198
    }
    event_timestamps {
      intent_received: 102
      first_frame: 210
    }
    system_state {
      dex2oat_running: false
      installd_running: false
      broadcast_dispatched_count: 0
      broadcast_received_count: 0
      most_active_non_launch_processes: "init"
      most_active_non_launch_processes: "com.google.android.calendar"
      installd_dur_ns: 0
      dex2oat_dur_ns: 0
    }
    slow_start_reason_with_details {
      reason_id: MAIN_THREAD_TIME_SPENT_IN_RUNNABLE
      reason: "Main Thread - Time spent in Runnable state"
      severity: WARNING
      expected_value {
        value: 15
        unit: PERCENTAGE
        higher_expected: false
      }
      actual_value {
        value: 74
        dur: 80
      }
      launch_dur: 108
      trace_thread_sections {
        thread_section {
          start_timestamp: 130
          end_timestamp: 210
          thread_name: "com.google.android.calendar"
          process_pid: 3
          thread_tid: 3
        }
        start_timestamp: 130
        end_timestamp: 210
      }
    }
    startup_type: "warm"
  }
}
