"ts","name","dur"
1579633849123000000,"stats=0:"wakelock-change"",0
1579633849129000000,"stats=0:"wakelock-change"",0
1629844355125000000,"stats=0:"screen-state"",0
1629844355180000000,"+user=0:"0"",0
1629844355951000000,"+userfg=0:"0"",0
1629844356527000000,"+top=1000:"com.android.settings"",0
1629844357496000000,"stats=0:"wifi-off"",0
1629844357581000000,"+tmpwhitelist=1000:"broadcast:1000:android.bluetooth.adapter.action.BLE_STATE_CHANGED,reason:"",0
1629844357657000000,"stats=0:"network-stats-enabled"",0
1629844358325000000,"-top=1000:"com.android.settings"",0
1629844358445000000,"+top=10217:"com.android.systemui"",0
1629844359194000000,"+job=10132:"com.google.android.as/com.google.android.apps.miphone.aiai.echo.scheduler.EchoJobService"",0
1629844359205000000,"+job=10132:"com.google.android.as/com.google.android.apps.miphone.aiai.echo.notificationintelligence.scheduler.impl.NotificationJobService"",0
1629844359249000000,"+tmpwhitelist=1002:"broadcast:1000:android.bluetooth.adapter.action.STATE_CHANGED,reason:"",0
1629844359261000000,"+tmpwhitelist=10132:"broadcast:1000:android.bluetooth.adapter.action.STATE_CHANGED,reason:"",0
1629844359263000000,"+tmpwhitelist=10217:"broadcast:1000:android.bluetooth.adapter.action.STATE_CHANGED,reason:"",0
1629844359344000000,"+job=10132:"com.google.android.as/androidx.work.impl.background.systemjob.SystemJobService"",0
1629844359517000000,"-job=10132:"com.google.android.as/com.google.android.apps.miphone.aiai.echo.notificationintelligence.scheduler.impl.NotificationJobService"",0
1629844359527000000,"-job=10132:"com.google.android.as/com.google.android.apps.miphone.aiai.echo.scheduler.EchoJobService"",0
1629844359555000000,"-job=10132:"com.google.android.as/androidx.work.impl.background.systemjob.SystemJobService"",0
1629844359623000000,"+tmpwhitelist=1027:"broadcast:1000:android.bluetooth.adapter.action.STATE_CHANGED,reason:"",0
1629844359642000000,"+job=10132:"com.google.android.as/com.google.android.apps.miphone.aiai.actions.service.ActionRankingDataTtlService"",0
1629844359782000000,"+job=10132:"com.google.android.as/com.google.android.apps.miphone.aiai.common.superpacks.impl.PeriodicCleanupService"",0
1629844360342000000,"+job=10223:"com.google.android.providers.media.module/com.android.providers.media.MediaService"",0
1629844360504000000,"-job=10132:"com.google.android.as/com.google.android.apps.miphone.aiai.common.superpacks.impl.PeriodicCleanupService"",0
1629844360540000000,"+job=10148:"com.google.android.googlequicksearchbox/com.google.android.apps.gsa.tasks.BackgroundTasksJobService"",0
1629844360714000000,"-job=10148:"com.google.android.googlequicksearchbox/com.google.android.apps.gsa.tasks.BackgroundTasksJobService"",0
1629844361230000000,"-job=10223:"com.google.android.providers.media.module/com.android.providers.media.MediaService"",0
1629844361346000000,"-job=10132:"com.google.android.as/com.google.android.apps.miphone.aiai.actions.service.ActionRankingDataTtlService"",0
1629844361393000000,"+job=10112:"com.google.android.apps.wellbeing/.autodnd.impl.AutoDndJobService"",0
1629844361412000000,"-job=10112:"com.google.android.apps.wellbeing/.autodnd.impl.AutoDndJobService"",0
1629844361452000000,"+job=10112:"com.google.android.apps.wellbeing/.powerstate.impl.PowerStateJobService"",0
1629844361456000000,"-job=10112:"com.google.android.apps.wellbeing/.powerstate.impl.PowerStateJobService"",0
1629844365620000000,"+tmpwhitelist=10221:"broadcast:1000:android.intent.action.LOCKED_BOOT_COMPLETED,reason:"",0
1629844365675000000,"+tmpwhitelist=10112:"broadcast:1000:android.intent.action.LOCKED_BOOT_COMPLETED,reason:"",0
1629844365733000000,"+tmpwhitelist=10192:"broadcast:1000:android.intent.action.LOCKED_BOOT_COMPLETED,reason:"",0
1629844365841000000,"+tmpwhitelist=1001:"broadcast:1000:android.intent.action.LOCKED_BOOT_COMPLETED,reason:"",0
1629844365856000000,"+tmpwhitelist=10197:"broadcast:1000:android.intent.action.LOCKED_BOOT_COMPLETED,reason:"",0
1629844365930000000,"+tmpwhitelist=10119:"broadcast:1000:android.intent.action.LOCKED_BOOT_COMPLETED,reason:"",0
1629844365930000000,"+top=10197:"com.android.yadayada"",0
1629844365930000000,"-top=10217:"com.android.systemui"",0
1629844365932000000,"pkgactive=10197:"com.android.yadayada"",0
1629844366203000000,"+job=10119:"com.google.android.apps.scone/.fwota.OtaUpdateService"",0
1629844366235000000,"+job=10119:"com.google.android.apps.scone/.modem.MetricsService"",0
1629844366241000000,"+job=10119:"com.google.android.apps.scone/.modem.ConfigService"",0
1629844366247000000,"+tmpwhitelist=10162:"broadcast:1000:android.intent.action.LOCKED_BOOT_COMPLETED,reason:"",0
1629844366262000000,"-job=10119:"com.google.android.apps.scone/.fwota.OtaUpdateService"",0
1629844366285000000,"-job=10119:"com.google.android.apps.scone/.modem.MetricsService"",0
1629844366294000000,"-job=10119:"com.google.android.apps.scone/.modem.ConfigService"",0
1629844366573000000,"+tmpwhitelist=10144:"broadcast:1000:android.intent.action.LOCKED_BOOT_COMPLETED,reason:"",0
1629844366599000000,"+job=10144:"com.google.android.euicc/com.android.euicc.service.CompleteBootService"",0
1629844366603000000,"+tmpwhitelist=10130:"broadcast:1000:android.intent.action.LOCKED_BOOT_COMPLETED,reason:"",0
1629844366626000000,"-job=10144:"com.google.android.euicc/com.android.euicc.service.CompleteBootService"",0
1629844368094000000,"+job=10151:"com.android.vending/com.google.android.finsky.scheduler.process.mainimpl.PhoneskyJobServiceMain"",0
1629844368490000000,"+top=10217:"com.android.systemui"",0
1629844368490000000,"-top=10197:"com.android.yadayada"",0
1629844368491000000,"+job=10138:"com.google.android.apps.work.oobconfig/.ProvisioningDataService"",0
1629844368569000000,"-job=10151:"com.android.vending/com.google.android.finsky.scheduler.process.mainimpl.PhoneskyJobServiceMain"",0
1629844368616000000,"-job=10138:"com.google.android.apps.work.oobconfig/.ProvisioningDataService"",0
1629844368653000000,"+job=10151:"com.android.vending/com.google.android.finsky.scheduler.process.mainimpl.PhoneskyJobServiceMain"",0
1629844368912000000,"+tmpwhitelist=10081:"broadcast:1000:android.intent.action.BOOT_COMPLETED,reason:"",0
1629844369115000000,"+tmpwhitelist=10183:"broadcast:1000:android.intent.action.BOOT_COMPLETED,reason:"",0
1629844369132000000,"+tmpwhitelist=10181:"broadcast:1000:android.intent.action.BOOT_COMPLETED,reason:"",0
1629844369651000000,"-tmpwhitelist=1027:"broadcast:1000:android.bluetooth.adapter.action.STATE_CHANGED,reason:"",0
1629844369654000000,"-tmpwhitelist=1002:"broadcast:1000:android.bluetooth.adapter.action.STATE_CHANGED,reason:"",0
1629844369658000000,"-tmpwhitelist=10132:"broadcast:1000:android.bluetooth.adapter.action.STATE_CHANGED,reason:"",0
1629844369768000000,"+tmpwhitelist=10147:"broadcast:1000:android.intent.action.BOOT_COMPLETED,reason:"",0
1629844370246000000,"+job=10148:"com.google.android.googlequicksearchbox/com.google.android.apps.gsa.tasks.BackgroundTasksJobService"",0
1629844370557000000,"-job=10148:"com.google.android.googlequicksearchbox/com.google.android.apps.gsa.tasks.BackgroundTasksJobService"",0
1629844370568000000,"+tmpwhitelist=10150:"broadcast:1000:android.intent.action.BOOT_COMPLETED,reason:"",0
1629844370971000000,"+fg=10147:"com.google.android.dialer"",0
1629844370977000000,"+tmpwhitelist=10124:"broadcast:1000:android.intent.action.BOOT_COMPLETED,reason:"",0
1629844370999000000,"-fg=10147:"com.google.android.dialer"",0
1629844371378000000,"+tmpwhitelist=10129:"broadcast:1000:android.intent.action.BOOT_COMPLETED,reason:"",0
1629844371512000000,"+tmpwhitelist=10142:"broadcast:1000:android.intent.action.BOOT_COMPLETED,reason:"",0
1629844371620000000,"+tmpwhitelist=10126:"broadcast:1000:android.intent.action.BOOT_COMPLETED,reason:"",0
1629844371629000000,"+tmpwhitelist=10079:"broadcast:1000:android.intent.action.BOOT_COMPLETED,reason:"",0
1629844371690000000,"+job=10102:"com.google.android.apps.carrier.carrierwifi/.UpdateService"",0
1629844371703000000,"-job=10102:"com.google.android.apps.carrier.carrierwifi/.UpdateService"",0
1629844371743000000,"+tmpwhitelist=10066:"broadcast:1000:android.intent.action.BOOT_COMPLETED,reason:"",0
1629844371751000000,"+tmpwhitelist=1027:"broadcast:1000:android.intent.action.BOOT_COMPLETED,reason:"",0
1629844371754000000,"+tmpwhitelist=10149:"broadcast:1000:android.intent.action.BOOT_COMPLETED,reason:"",0
1629844371834000000,"+tmpwhitelist=10222:"broadcast:1000:android.intent.action.BOOT_COMPLETED,reason:"",0
1629844371841000000,"+tmpwhitelist=10069:"broadcast:1000:android.intent.action.BOOT_COMPLETED,reason:"",0
1629844371969000000,"+tmpwhitelist=10220:"broadcast:1000:android.intent.action.BOOT_COMPLETED,reason:"",0
1629844371986000000,"+top=10206:"com.google.android.apps.nexuslauncher"",0
1629844371986000000,"-top=10217:"com.android.systemui"",0
1629844372104000000,"+fg=10220:"com.android.ramdump"",0
1629844372105000000,"+tmpwhitelist=10118:"broadcast:1000:android.intent.action.BOOT_COMPLETED,reason:"",0
1629844372140000000,"-fg=10220:"com.android.ramdump"",0
1629844372269000000,"+tmpwhitelist=2000:"broadcast:1000:android.intent.action.BOOT_COMPLETED,reason:"",0
1629844372337000000,"+tmpwhitelist=10067:"broadcast:1000:android.intent.action.BOOT_COMPLETED,reason:"",0
1629844372500000000,"+tmpwhitelist=10151:"broadcast:1000:android.intent.action.BOOT_COMPLETED,reason:"",0
1629844372768000000,"+tmpwhitelist=10102:"broadcast:1000:android.intent.action.BOOT_COMPLETED,reason:"",0
1629844372775000000,"+job=10102:"com.google.android.apps.carrier.carrierwifi/.UpdateService"",0
1629844372778000000,"+tmpwhitelist=10106:"broadcast:1000:android.intent.action.BOOT_COMPLETED,reason:"",0
1629844372784000000,"-job=10102:"com.google.android.apps.carrier.carrierwifi/.UpdateService"",0
1629844372858000000,"+tmpwhitelist=10185:"broadcast:1000:android.intent.action.BOOT_COMPLETED,reason:"",0
1629844373452000000,"+tmpwhitelist=10103:"broadcast:1000:android.intent.action.BOOT_COMPLETED,reason:"",0
1629844373666000000,"+job=10185:"com.google.android.apps.docs/com.google.android.libraries.internal.growth.growthkit.internal.jobs.impl.GrowthKitJobService"",0
1579633849122000000,"battery_stats.charging",1.000000
1579633849122000000,"battery_stats.plugged",1.000000
1579633849122000000,"battery_stats.running",1.000000
1629844355125000000,"battery_stats.brightness",4.000000
1629844355125000000,"battery_stats.screen",1.000000
1629844355180000000,"battery_stats.brightness",1.000000
1629844355180000000,"battery_stats.sensor",1.000000
1629844355180000000,"battery_stats.wifi",1.000000
1629844356527000000,"battery_stats.phone_signal_strength",1.000000
1629844357657000000,"battery_stats.wifi_suppl",2.000000
1629844358165000000,"battery_stats.brightness",4.000000
1629844358165000000,"battery_stats.wifi_suppl",1.000000
1629844358325000000,"battery_stats.brightness",2.000000
1629844358325000000,"battery_stats.usb_data",1.000000
1629844358325000000,"battery_stats.wifi_scan",1.000000
1629844358445000000,"battery_stats.audio",1.000000
1629844360714000000,"battery_stats.audio",0.000000
1629844361456000000,"battery_stats.ble_scan",1.000000
1629844361456000000,"battery_stats.wifi_scan",0.000000
1629844368085000000,"battery_stats.ble_scan",0.000000
1629844368094000000,"battery_stats.ble_scan",1.000000
1629844369768000000,"battery_stats.audio",1.000000
1629844369768000000,"battery_stats.sensor",0.000000
1629844369768000000,"battery_stats.wifi_scan",1.000000
1629844370246000000,"battery_stats.audio",0.000000
1629844371378000000,"battery_stats.audio",1.000000
1629844371512000000,"battery_stats.audio",0.000000
1629844371841000000,"battery_stats.audio",1.000000
1629844371841000000,"battery_stats.wifi_scan",0.000000
1629844371986000000,"battery_stats.audio",0.000000
1629844372500000000,"battery_stats.brightness",1.000000
1629844374257000000,"battery_stats.audio",1.000000
1629844374775000000,"battery_stats.audio",0.000000
1629844375394000000,"battery_stats.wifi_scan",1.000000
1629844378937000000,"battery_stats.wifi_scan",0.000000
1629844380134000000,"battery_stats.audio",1.000000
1629844381149000000,"battery_stats.audio",0.000000
1629844381924000000,"battery_stats.audio",1.000000
1629844382337000000,"battery_stats.audio",0.000000
1629844383971000000,"battery_stats.wifi_scan",1.000000
1629844384661000000,"battery_stats.audio",1.000000
1629844385115000000,"battery_stats.audio",0.000000
1629844385407000000,"battery_stats.audio",1.000000
1629844385556000000,"battery_stats.audio",0.000000
1629844385567000000,"battery_stats.audio",1.000000
1629844385591000000,"battery_stats.audio",0.000000
1629844385715000000,"battery_stats.audio",1.000000
1629844385861000000,"battery_stats.audio",0.000000
1629844385972000000,"battery_stats.audio",1.000000
1629844386096000000,"battery_stats.audio",0.000000
1629844386607000000,"battery_stats.audio",1.000000
1629844387136000000,"battery_stats.audio",0.000000
1629844387159000000,"battery_stats.audio",1.000000
1629844387296000000,"battery_stats.audio",0.000000
1629844387309000000,"battery_stats.audio",1.000000
1629844387436000000,"battery_stats.audio",0.000000
1629844387439000000,"battery_stats.audio",1.000000
1629844387439000000,"battery_stats.wifi_scan",0.000000
1629844387676000000,"battery_stats.audio",0.000000
1629844388504000000,"battery_stats.audio",1.000000
1629844388614000000,"battery_stats.audio",0.000000
1629844389759000000,"battery_stats.audio",1.000000
1629844390287000000,"battery_stats.audio",0.000000
1629844395156000000,"battery_stats.wifi_scan",1.000000
1629844397727000000,"battery_stats.brightness",2.000000
1629844398689000000,"battery_stats.wifi_scan",0.000000
1629844420196000000,"battery_stats.brightness",0.000000
1629844426246000000,"battery_stats.sensor",1.000000
1629844426317000000,"battery_stats.screen",0.000000
1629844426317000000,"battery_stats.sensor",0.000000
1648718083384000000,"battery_stats.running",1.000000
1648718099010000000,"battery_stats.brightness",4.000000
1648718099010000000,"battery_stats.screen",1.000000
1648718099100000000,"battery_stats.brightness",1.000000
1648718099100000000,"battery_stats.sensor",1.000000
1648718101086000000,"battery_stats.phone_signal_strength",1.000000
1648718102451000000,"battery_stats.brightness",0.000000
1648718108702000000,"battery_stats.ble_scan",1.000000
1648718143076000000,"battery_stats.phone_scanning",1.000000
1648718143076000000,"battery_stats.phone_signal_strength",0.000000
1648718143076000000,"battery_stats.phone_state",1.000000
1648718224308000000,"battery_stats.screen",0.000000
1648718224322000000,"battery_stats.sensor",0.000000
1648718226855000000,"battery_stats.running",0.000000
1648718230057000000,"battery_stats.running",1.000000
1648718230071000000,"battery_stats.running",0.000000
1648718236059000000,"battery_stats.running",1.000000
1648718241692000000,"battery_stats.running",0.000000
1648718277069000000,"battery_stats.running",1.000000
1648718277080000000,"battery_stats.running",0.000000
1648718307092000000,"battery_stats.running",1.000000
1648718307113000000,"battery_stats.device_idle",1.000000
1648718307152000000,"battery_stats.running",0.000000
1648718438061000000,"battery_stats.running",1.000000
1648718438069000000,"battery_stats.running",0.000000
1648718668035000000,"battery_stats.running",1.000000
1648718668066000000,"battery_stats.running",0.000000
1648718759055000000,"battery_stats.running",1.000000
1648718761539000000,"battery_stats.running",0.000000
1648718782062000000,"battery_stats.running",1.000000
