android_jank_cuj {
  cuj {
    id: 1
    name: "FIRST_CUJ"
    layer_name: "TX - NotificationShade#0"
    process {
      name: "com.android.systemui"
      uid: 10001
      package {
        package_name: "com.android.systemui"
        apk_version_code: 1
        debuggable: false
      }
      pid: 1000
      android_user_id: 0
      is_kernel_task: false
    }
    ts: 0
    dur: 123000000
    frame {
      frame_number: 1
      vsync: 10
      ts: 0
      dur: 16000000
      app_missed: false
      sf_missed: false
      dur_expected: 16000000
      sf_callback_missed: false
      hwui_callback_missed: false
    }
    frame {
      frame_number: 2
      vsync: 20
      ts: 8000000
      dur: 28000000
      app_missed: true
      sf_missed: true
      dur_expected: 20000000
      sf_callback_missed: false
      hwui_callback_missed: false
    }
    frame {
      frame_number: 3
      vsync: 30
      ts: 30000000
      dur: 25000000
      app_missed: true
      sf_missed: false
      dur_expected: 20000000
      sf_callback_missed: false
      hwui_callback_missed: false
    }
    frame {
      frame_number: 4
      vsync: 40
      ts: 40000000
      dur: 40000000
      app_missed: true
      sf_missed: false
      dur_expected: 20000000
      sf_callback_missed: false
      hwui_callback_missed: false
    }
    frame {
      frame_number: 5
      vsync: 60
      ts: 70000000
      dur: 20000000
      app_missed: true
      sf_missed: false
      dur_expected: 20000000
      sf_callback_missed: false
      hwui_callback_missed: false
    }
    frame {
      frame_number: 6
      vsync: 90
      ts: 100000000
      dur: 23000000
      app_missed: true
      sf_missed: false
      dur_expected: 20000000
      sf_callback_missed: false
      hwui_callback_missed: false
    }
    sf_frame {
      frame_number: 1
      vsync: 110
      ts: 1000000000
      dur: 8000000
      sf_missed: false
      dur_expected: 16000000
    }
    sf_frame {
      frame_number: 2
      vsync: 120
      ts: 1016000000
      dur: 9000000
      sf_missed: false
      dur_expected: 20000000
    }
    sf_frame {
      frame_number: 3
      vsync: 130
      ts: 1032000000
      dur: 13000000
      sf_missed: false
      dur_expected: 16000000
    }
    sf_frame {
      frame_number: 4
      vsync: 140
      ts: 1048000000
      dur: 12000000
      sf_missed: false
      dur_expected: 16000000
    }
    sf_frame {
      frame_number: 5
      vsync: 160
      ts: 1070000000
      dur: 10000000
      sf_missed: false
      dur_expected: 16000000
    }
    sf_frame {
      frame_number: 6
      vsync: 190
      ts: 1100000000
      dur: 10000000
      sf_missed: false
      dur_expected: 16000000
    }
    counter_metrics {
      total_frames: 6
      missed_frames: 5
      missed_app_frames: 5
      missed_sf_frames: 1
      frame_dur_max: 40000000
      sf_callback_missed_frames: 0
      hwui_callback_missed_frames: 0
    }
    timeline_metrics {
      total_frames: 6
      missed_frames: 5
      missed_app_frames: 5
      missed_sf_frames: 1
      frame_dur_max: 40000000
      frame_dur_avg: 25333333
      frame_dur_p50: 24000000
      frame_dur_p90: 34000000
      frame_dur_p95: 37000000
      frame_dur_p99: 39400000
      frame_dur_ms_p50: 24.0
      frame_dur_ms_p90: 34.0
      frame_dur_ms_p95: 37.0
      frame_dur_ms_p99: 39.400000000000006
      sf_callback_missed_frames: 0
      hwui_callback_missed_frames: 0
    }
    trace_metrics {
      total_frames: 6
      missed_frames: 5
      missed_app_frames: 5
      missed_sf_frames: 1
      frame_dur_max: 40000000
      frame_dur_avg: 25333333
      frame_dur_p50: 24000000
      frame_dur_p90: 34000000
      frame_dur_p95: 37000000
      frame_dur_p99: 39400000
      frame_dur_ms_p50: 24.0
      frame_dur_ms_p90: 34.0
      frame_dur_ms_p95: 37.0
      frame_dur_ms_p99: 39.400000000000006
      sf_callback_missed_frames: 0
      hwui_callback_missed_frames: 0
    }
  }
  cuj {
    id: 2
    name: "SHADE_ROW_EXPAND"
    layer_name: "TX - NotificationShade#0"
    process {
      name: "com.android.systemui"
      uid: 10001
      package {
        package_name: "com.android.systemui"
        apk_version_code: 1
        debuggable: false
      }
      pid: 1000
      android_user_id: 0
      is_kernel_task: false
    }
    ts: 0
    dur: 901000010
    frame {
      frame_number: 1
      vsync: 10
      ts: 0
      dur: 16000000
      app_missed: false
      sf_missed: false
      dur_expected: 16000000
      sf_callback_missed: false
      hwui_callback_missed: false
    }
    frame {
      frame_number: 2
      vsync: 20
      ts: 8000000
      dur: 28000000
      app_missed: true
      sf_missed: true
      dur_expected: 20000000
      sf_callback_missed: false
      hwui_callback_missed: false
    }
    frame {
      frame_number: 3
      vsync: 30
      ts: 30000000
      dur: 25000000
      app_missed: true
      sf_missed: false
      dur_expected: 20000000
      sf_callback_missed: false
      hwui_callback_missed: false
    }
    frame {
      frame_number: 4
      vsync: 40
      ts: 40000000
      dur: 40000000
      app_missed: true
      sf_missed: false
      dur_expected: 20000000
      sf_callback_missed: false
      hwui_callback_missed: false
    }
    frame {
      frame_number: 5
      vsync: 60
      ts: 70000000
      dur: 20000000
      app_missed: true
      sf_missed: false
      dur_expected: 20000000
      sf_callback_missed: false
      hwui_callback_missed: false
    }
    frame {
      frame_number: 6
      vsync: 90
      ts: 100000000
      dur: 23000000
      app_missed: true
      sf_missed: false
      dur_expected: 20000000
      sf_callback_missed: false
      hwui_callback_missed: false
    }
    frame {
      frame_number: 7
      vsync: 100
      ts: 200000000
      dur: 22000000
      app_missed: false
      sf_missed: true
      dur_expected: 20000000
      sf_callback_missed: false
      hwui_callback_missed: false
    }
    frame {
      frame_number: 8
      vsync: 110
      ts: 300000000
      dur: 61000000
      app_missed: false
      sf_missed: false
      dur_expected: 20000000
      sf_callback_missed: false
      hwui_callback_missed: false
    }
    frame {
      frame_number: 9
      vsync: 120
      ts: 400000000
      dur: 61000000
      app_missed: false
      sf_missed: false
      dur_expected: 20000000
      sf_callback_missed: false
      hwui_callback_missed: false
    }
    frame {
      frame_number: 10
      vsync: 130
      ts: 500000000
      dur: 56000000
      app_missed: true
      sf_missed: false
      dur_expected: 20000000
      sf_callback_missed: false
      hwui_callback_missed: false
    }
    frame {
      frame_number: 11
      vsync: 140
      ts: 600000000
      dur: 25600000
      app_missed: true
      sf_missed: false
      dur_expected: 20000000
      sf_callback_missed: false
      hwui_callback_missed: false
    }
    frame {
      frame_number: 12
      vsync: 145
      ts: 650000000
      dur: 20000000
      app_missed: false
      sf_missed: false
      dur_expected: 20000000
      sf_callback_missed: false
      hwui_callback_missed: false
    }
    frame {
      frame_number: 13
      vsync: 150
      ts: 700000000
      dur: 15000000
      app_missed: false
      sf_missed: false
      dur_expected: 20000000
      sf_callback_missed: true
      hwui_callback_missed: true
    }
    sf_frame {
      frame_number: 1
      vsync: 110
      ts: 1000000000
      dur: 8000000
      sf_missed: false
      dur_expected: 16000000
    }
    sf_frame {
      frame_number: 2
      vsync: 120
      ts: 1016000000
      dur: 9000000
      sf_missed: false
      dur_expected: 20000000
    }
    sf_frame {
      frame_number: 3
      vsync: 130
      ts: 1032000000
      dur: 13000000
      sf_missed: false
      dur_expected: 16000000
    }
    sf_frame {
      frame_number: 4
      vsync: 140
      ts: 1048000000
      dur: 12000000
      sf_missed: false
      dur_expected: 16000000
    }
    sf_frame {
      frame_number: 5
      vsync: 160
      ts: 1070000000
      dur: 10000000
      sf_missed: false
      dur_expected: 16000000
    }
    sf_frame {
      frame_number: 6
      vsync: 190
      ts: 1100000000
      dur: 10000000
      sf_missed: false
      dur_expected: 16000000
    }
    sf_frame {
      frame_number: 7
      vsync: 200
      ts: 1200000000
      dur: 32000000
      sf_missed: true
      dur_expected: 16000000
    }
    counter_metrics {
      total_frames: 13
      missed_frames: 8
      missed_app_frames: 7
      missed_sf_frames: 2
      missed_frames_max_successive: 5
      frame_dur_max: 62000000
      sf_callback_missed_frames: 1
      hwui_callback_missed_frames: 1
    }
    timeline_metrics {
      total_frames: 13
      missed_frames: 8
      missed_app_frames: 7
      missed_sf_frames: 2
      frame_dur_max: 61000000
      frame_dur_avg: 27192307
      frame_dur_p50: 22000000
      frame_dur_p90: 56800000
      frame_dur_p95: 61000000
      frame_dur_p99: 61000000
      frame_dur_ms_p50: 22.000000
      frame_dur_ms_p90: 56.80000000000001
      frame_dur_ms_p95: 61.000000
      frame_dur_ms_p99: 61.000000
      sf_callback_missed_frames: 1
      hwui_callback_missed_frames: 1
    }
    trace_metrics {
      total_frames: 13
      missed_frames: 8
      missed_app_frames: 7
      missed_sf_frames: 2
      frame_dur_max: 61000000
      frame_dur_avg: 31738461
      frame_dur_p50: 25000000
      frame_dur_p90: 60000000
      frame_dur_p95: 61000000
      frame_dur_p99: 61000000
      frame_dur_ms_p50: 25.000000
      frame_dur_ms_p90: 60.000000
      frame_dur_ms_p95: 61.000000
      frame_dur_ms_p99: 61.000000
      sf_callback_missed_frames: 1
      hwui_callback_missed_frames: 1
    }
  }
}
