
"pid","name","process_type"
9523,"org.chromium.chrome","Browser"
9592,"org.chromium.chrome:sandboxed_process0:org.chromium.content.app.SandboxedProcessService0:0","Renderer"
9597,"org.chromium.chrome:privileged_process0","Gpu"
10090,"com.android.chrome","Browser"
10168,"com.android.chrome:privileged_process0","Gpu"
13315,"com.android.chrome:sandboxed_process0:org.chromium.content.app.SandboxedProcessService0:7","Renderer"
13698,"com.android.chrome:sandboxed_process0:org.chromium.content.app.SandboxedProcessService0:12","Renderer"
13736,"com.android.chrome:sandboxed_process0:org.chromium.content.app.SandboxedProcessService0:13","Renderer"
